Archive member included to satisfy reference by file (symbol)

C:/Users/User/.pico-sdk/toolchain/13_3_Rel1/bin/../lib/gcc/arm-none-eabi/13.3.1/thumb/v6-m/nofp\libgcc.a(_dvmd_tls.o)
                              CMakeFiles/DisplayC.dir/C_/Users/User/.pico-sdk/sdk/2.1.0/src/rp2_common/pico_divider/divider_hardware.S.obj (__aeabi_idiv0)
C:/Users/User/.pico-sdk/toolchain/13_3_Rel1/bin/../lib/gcc/arm-none-eabi/13.3.1/thumb/v6-m/nofp\libg.a(libc_a-calloc.o)
                              CMakeFiles/DisplayC.dir/C_/Users/User/.pico-sdk/sdk/2.1.0/src/rp2_common/pico_malloc/malloc.c.obj (calloc)
C:/Users/User/.pico-sdk/toolchain/13_3_Rel1/bin/../lib/gcc/arm-none-eabi/13.3.1/thumb/v6-m/nofp\libg.a(libc_a-callocr.o)
                              C:/Users/User/.pico-sdk/toolchain/13_3_Rel1/bin/../lib/gcc/arm-none-eabi/13.3.1/thumb/v6-m/nofp\libg.a(libc_a-calloc.o) (_calloc_r)
C:/Users/User/.pico-sdk/toolchain/13_3_Rel1/bin/../lib/gcc/arm-none-eabi/13.3.1/thumb/v6-m/nofp\libg.a(libc_a-malloc.o)
                              CMakeFiles/DisplayC.dir/C_/Users/User/.pico-sdk/sdk/2.1.0/src/rp2_common/pico_malloc/malloc.c.obj (malloc)
C:/Users/User/.pico-sdk/toolchain/13_3_Rel1/bin/../lib/gcc/arm-none-eabi/13.3.1/thumb/v6-m/nofp\libg.a(libc_a-mallocr.o)
                              C:/Users/User/.pico-sdk/toolchain/13_3_Rel1/bin/../lib/gcc/arm-none-eabi/13.3.1/thumb/v6-m/nofp\libg.a(libc_a-callocr.o) (_malloc_r)
C:/Users/User/.pico-sdk/toolchain/13_3_Rel1/bin/../lib/gcc/arm-none-eabi/13.3.1/thumb/v6-m/nofp\libg.a(libc_a-mlock.o)
                              C:/Users/User/.pico-sdk/toolchain/13_3_Rel1/bin/../lib/gcc/arm-none-eabi/13.3.1/thumb/v6-m/nofp\libg.a(libc_a-mallocr.o) (__malloc_lock)
C:/Users/User/.pico-sdk/toolchain/13_3_Rel1/bin/../lib/gcc/arm-none-eabi/13.3.1/thumb/v6-m/nofp\libg.a(libc_a-realloc.o)
                              CMakeFiles/DisplayC.dir/C_/Users/User/.pico-sdk/sdk/2.1.0/src/rp2_common/pico_malloc/malloc.c.obj (realloc)
C:/Users/User/.pico-sdk/toolchain/13_3_Rel1/bin/../lib/gcc/arm-none-eabi/13.3.1/thumb/v6-m/nofp\libg.a(libc_a-reallocr.o)
                              C:/Users/User/.pico-sdk/toolchain/13_3_Rel1/bin/../lib/gcc/arm-none-eabi/13.3.1/thumb/v6-m/nofp\libg.a(libc_a-realloc.o) (_realloc_r)
C:/Users/User/.pico-sdk/toolchain/13_3_Rel1/bin/../lib/gcc/arm-none-eabi/13.3.1/thumb/v6-m/nofp\libg.a(libc_a-memcmp.o)
                              CMakeFiles/DisplayC.dir/C_/Users/User/.pico-sdk/sdk/2.1.0/src/rp2_common/pico_atomic/atomic.c.obj (memcmp)
C:/Users/User/.pico-sdk/toolchain/13_3_Rel1/bin/../lib/gcc/arm-none-eabi/13.3.1/thumb/v6-m/nofp\libg.a(libc_a-memmove.o)
                              C:/Users/User/.pico-sdk/toolchain/13_3_Rel1/bin/../lib/gcc/arm-none-eabi/13.3.1/thumb/v6-m/nofp\libg.a(libc_a-reallocr.o) (memmove)
C:/Users/User/.pico-sdk/toolchain/13_3_Rel1/bin/../lib/gcc/arm-none-eabi/13.3.1/thumb/v6-m/nofp\libg.a(libc_a-lcltime_r.o)
                              CMakeFiles/DisplayC.dir/C_/Users/User/.pico-sdk/sdk/2.1.0/src/common/pico_util/datetime.c.obj (localtime_r)
C:/Users/User/.pico-sdk/toolchain/13_3_Rel1/bin/../lib/gcc/arm-none-eabi/13.3.1/thumb/v6-m/nofp\libg.a(libc_a-mktime.o)
                              CMakeFiles/DisplayC.dir/C_/Users/User/.pico-sdk/sdk/2.1.0/src/common/pico_util/datetime.c.obj (mktime)
C:/Users/User/.pico-sdk/toolchain/13_3_Rel1/bin/../lib/gcc/arm-none-eabi/13.3.1/thumb/v6-m/nofp\libg.a(libc_a-month_lengths.o)
                              C:/Users/User/.pico-sdk/toolchain/13_3_Rel1/bin/../lib/gcc/arm-none-eabi/13.3.1/thumb/v6-m/nofp\libg.a(libc_a-lcltime_r.o) (__month_lengths)
C:/Users/User/.pico-sdk/toolchain/13_3_Rel1/bin/../lib/gcc/arm-none-eabi/13.3.1/thumb/v6-m/nofp\libg.a(libc_a-tzcalc_limits.o)
                              C:/Users/User/.pico-sdk/toolchain/13_3_Rel1/bin/../lib/gcc/arm-none-eabi/13.3.1/thumb/v6-m/nofp\libg.a(libc_a-lcltime_r.o) (__tzcalc_limits)
C:/Users/User/.pico-sdk/toolchain/13_3_Rel1/bin/../lib/gcc/arm-none-eabi/13.3.1/thumb/v6-m/nofp\libg.a(libc_a-tzlock.o)
                              C:/Users/User/.pico-sdk/toolchain/13_3_Rel1/bin/../lib/gcc/arm-none-eabi/13.3.1/thumb/v6-m/nofp\libg.a(libc_a-lcltime_r.o) (__tz_lock)
C:/Users/User/.pico-sdk/toolchain/13_3_Rel1/bin/../lib/gcc/arm-none-eabi/13.3.1/thumb/v6-m/nofp\libg.a(libc_a-tzset.o)
                              C:/Users/User/.pico-sdk/toolchain/13_3_Rel1/bin/../lib/gcc/arm-none-eabi/13.3.1/thumb/v6-m/nofp\libg.a(libc_a-lcltime_r.o) (_tzset_unlocked)
C:/Users/User/.pico-sdk/toolchain/13_3_Rel1/bin/../lib/gcc/arm-none-eabi/13.3.1/thumb/v6-m/nofp\libg.a(libc_a-tzset_r.o)
                              C:/Users/User/.pico-sdk/toolchain/13_3_Rel1/bin/../lib/gcc/arm-none-eabi/13.3.1/thumb/v6-m/nofp\libg.a(libc_a-tzset.o) (_tzset_unlocked_r)
C:/Users/User/.pico-sdk/toolchain/13_3_Rel1/bin/../lib/gcc/arm-none-eabi/13.3.1/thumb/v6-m/nofp\libg.a(libc_a-tzvars.o)
[...]
Memory Configuration

Name             Origin             Length             Attributes
FLASH            0x10000000         0x00200000         xr
RAM              0x20000000         0x00040000         xrw
SCRATCH_X        0x20040000         0x00001000         xrw
SCRATCH_Y        0x20041000         0x00001000         xrw
*default*        0x00000000         0xffffffff

Linker script and memory map

LOAD C:/Users/User/.pico-sdk/toolchain/13_3_Rel1/bin/../lib/gcc/arm-none-eabi/13.3.1/thumb/v6-m/nofp/crti.o
LOAD C:/Users/User/.pico-sdk/toolchain/13_3_Rel1/bin/../lib/gcc/arm-none-eabi/13.3.1/thumb/v6-m/nofp/crtbegin.o
LOAD C:/Users/User/.pico-sdk/toolchain/13_3_Rel1/bin/../lib/gcc/arm-none-eabi/13.3.1/thumb/v6-m/nofp/crt0.o

.flash_begin    0x10000000        0x0
                0x10000000                        __flash_binary_start = .

.boot2          0x10000000      0x100
                0x10000000                        __boot2_start__ = .
 *(.boot2)
 .boot2         0x10000000      0x100 pico-sdk/src/rp2040/boot_stage2/CMakeFiles/bs2_default_library.dir/./bs2_default_padded_checksummed.S.obj
                0x10000100                        __boot2_end__ = .
                0x00000001                        ASSERT (((__boot2_end__ - __boot2_start__) == 0x100), ERROR: Pico second stage bootloader must be 256 bytes in size)

.text           0x10000100     0x8074
                0x10000100                        __logical_binary_start = .
 *(.vectors)
 .vectors       0x10000100       0xd4 CMakeFiles/DisplayC.dir/C_/Users/User/.pico-sdk/sdk/2.1.0/src/rp2_common/pico_crt0/crt0.S.obj
                0x10000100                __VECTOR_TABLE
                0x10000100                __vectors
                0x100001c0                isr_invalid
                0x100001c0                __default_isrs_start
                0x100001c2                isr_nmi
                0x100001c4                isr_hardfault
                0x100001c6                isr_svcall
                0x100001c8                isr_pendsv
                0x100001ca                isr_systick
                0x100001cc                isr_irq23
                0x100001cc                isr_irq18
                0x100001cc                isr_irq11
                0x100001cc                isr_irq28
                0x100001cc                isr_irq19
                0x100001cc                isr_irq0
                0x100001cc                isr_irq6
                0x100001cc                isr_irq5
                0x100001cc                isr_irq12
                0x100001cc                isr_irq22
                0x100001cc                isr_irq31
                0x100001cc                isr_irq17
                0x100001cc                isr_irq27
                0x100001cc                isr_irq30
                0x100001cc                isr_irq2
                0x100001cc                isr_irq10
                0x100001cc                isr_irq8
                0x100001cc                isr_irq24
                0x100001cc                isr_irq1
                0x100001cc                isr_irq7
                0x100001cc                isr_irq21
                0x100001cc                isr_irq20
                0x100001cc                isr_irq15
                0x100001cc                isr_irq25
                0x100001cc                isr_irq13
                0x100001cc                __unhandled_user_irq
                0x100001cc                isr_irq4
                0x100001cc                isr_irq16
                0x100001cc                isr_irq29
                0x100001cc                isr_irq26
                0x100001cc                __default_isrs_end
                0x100001cc                isr_irq3
                0x100001cc                isr_irq14
                0x100001cc                isr_irq9
                0x100001d2                unhandled_user_irq_num_in_r0
 *(.binary_info_header)
 .binary_info_header
                0x100001d4       0x14 CMakeFiles/DisplayC.dir/C_/Users/User/.pico-sdk/sdk/2.1.0/src/rp2_common/pico_crt0/crt0.S.obj
                0x100001e8                        __binary_info_header_end = .
 *(.embedded_block)
                0x100001e8                        __embedded_block_end = .
 *(.reset)
 .reset         0x100001e8       0x9c CMakeFiles/DisplayC.dir/C_/Users/User/.pico-sdk/sdk/2.1.0/src/rp2_common/pico_crt0/crt0.S.obj
                0x100001e8                _entry_point
 *(.init)
 .init          0x10000284        0x4 C:/Users/User/.pico-sdk/toolchain/13_3_Rel1/bin/../lib/gcc/arm-none-eabi/13.3.1/thumb/v6-m/nofp/crti.o
                0x10000284                _init
 *(EXCLUDE_FILE(*libm.a: *libc.a:*lib_a-mem*.o *libgcc.a:) .text*)
 .text.register_tm_clones
                0x10000288       0x28 C:/Users/User/.pico-sdk/toolchain/13_3_Rel1/bin/../lib/gcc/arm-none-eabi/13.3.1/thumb/v6-m/nofp/crtbegin.o
 .text.frame_dummy
                0x100002b0       0x24 C:/Users/User/.pico-sdk/toolchain/13_3_Rel1/bin/../lib/gcc/arm-none-eabi/13.3.1/thumb/v6-m/nofp/crtbegin.o
 .text.atualiza_display_com_informacoes
                0x100002d4       0x44 CMakeFiles/DisplayC.dir/DisplayC.c.obj
                0x100002d4                atualiza_display_com_informacoes
 .text.startup.main
                0x10000318      0x1b8 CMakeFiles/DisplayC.dir/DisplayC.c.obj
                0x10000318                main
 .text.ssd1306_init
                0x100004d0       0x34 CMakeFiles/DisplayC.dir/inc/ssd1306.c.obj
                0x100004d0                ssd1306_init
 .text.ssd1306_config
                0x10000504      0x1d0 CMakeFiles/DisplayC.dir/inc/ssd1306.c.obj
                0x10000504                ssd1306_config
 .text.ssd1306_send_data
                0x100006d4       0x8c CMakeFiles/DisplayC.dir/inc/ssd1306.c.obj
                0x100006d4                ssd1306_send_data
 .text.ssd1306_fill
                0x10000760       0x80 CMakeFiles/DisplayC.dir/inc/ssd1306.c.obj
                0x10000760                ssd1306_fill
 .text.ssd1306_rect
                0x100007e0      0x28c CMakeFiles/DisplayC.dir/inc/ssd1306.c.obj
                0x100007e0                ssd1306_rect
 .text.ssd1306_draw_char
                0x10000a6c      0x264 CMakeFiles/DisplayC.dir/inc/ssd1306.c.obj
                0x10000a6c                ssd1306_draw_char
 .text.ssd1306_draw_string
                0x10000cd0       0x40 CMakeFiles/DisplayC.dir/inc/ssd1306.c.obj
                0x10000cd0                ssd1306_draw_string
 .text.gpio_set_function
                0x10000d10       0x34 CMakeFiles/DisplayC.dir/C_/Users/User/.pico-sdk/sdk/2.1.0/src/rp2_common/hardware_gpio/gpio.c.obj
                0x10000d10                gpio_set_function
 .text.gpio_set_pulls
                0x10000d44       0x28 CMakeFiles/DisplayC.dir/C_/Users/User/.pico-sdk/sdk/2.1.0/src/rp2_common/hardware_gpio/gpio.c.obj
                0x10000d44                gpio_set_pulls
 .text.gpio_set_input_enabled
                0x10000d6c       0x28 CMakeFiles/DisplayC.dir/C_/Users/User/.pico-sdk/sdk/2.1.0/src/rp2_common/hardware_gpio/gpio.c.obj
                0x10000d6c                gpio_set_input_enabled
 .text.rp2040_chip_version
                0x10000d94        0xc CMakeFiles/DisplayC.dir/C_/Users/User/.pico-sdk/sdk/2.1.0/src/rp2040/pico_platform/platform.c.obj
                0x10000d94                rp2040_chip_version
 .text.panic    0x10000da0       0x30 CMakeFiles/DisplayC.dir/C_/Users/User/.pico-sdk/sdk/2.1.0/src/rp2_common/pico_platform_panic/panic.c.obj
                0x10000da0                panic
 .text.hw_claim_or_assert
                0x10000dd0       0x44 CMakeFiles/DisplayC.dir/C_/Users/User/.pico-sdk/sdk/2.1.0/src/common/hardware_claim/claim.c.obj
                0x10000dd0                hw_claim_or_assert
 .text.hw_claim_unused_from_range
                0x10000e14       0x9c CMakeFiles/DisplayC.dir/C_/Users/User/.pico-sdk/sdk/2.1.0/src/common/hardware_claim/claim.c.obj
                0x10000e14                hw_claim_unused_from_range
 .text.next_striped_spin_lock_num
                0x10000eb0       0x18 CMakeFiles/DisplayC.dir/C_/Users/User/.pico-sdk/sdk/2.1.0/src/rp2_common/hardware_sync/sync.c.obj
                0x10000eb0                next_striped_spin_lock_num
 .text.spin_lock_claim_unused
                0x10000ec8       0x24 CMakeFiles/DisplayC.dir/C_/Users/User/.pico-sdk/sdk/2.1.0/src/rp2_common/hardware_sync/sync.c.obj
                0x10000ec8                spin_lock_claim_unused
 .text.spin_locks_reset
                0x10000eec       0x1c CMakeFiles/DisplayC.dir/C_/Users/User/.pico-sdk/sdk/2.1.0/src/rp2_common/hardware_sync_spin_lock/sync_spin_lock.c.obj
                0x10000eec                spin_locks_reset
 .text.runtime_init_per_core_irq_priorities
                0x10000f08       0x24 CMakeFiles/DisplayC.dir/C_/Users/User/.pico-sdk/sdk/2.1.0/src/rp2_common/hardware_irq/irq.c.obj
                0x10000f08                runtime_init_per_core_irq_priorities
 .text.irq_set_enabled
                0x10000f2c       0x24 CMakeFiles/DisplayC.dir/C_/Users/User/.pico-sdk/sdk/2.1.0/src/rp2_common/hardware_irq/irq.c.obj
                0x10000f2c                irq_set_enabled
 .text.irq_is_enabled
                0x10000f50       0x18 CMakeFiles/DisplayC.dir/C_/Users/User/.pico-sdk/sdk/2.1.0/src/rp2_common/hardware_irq/irq.c.obj
                0x10000f50                irq_is_enabled
 .text.irq_set_pending
                0x10000f68       0x10 CMakeFiles/DisplayC.dir/C_/Users/User/.pico-sdk/sdk/2.1.0/src/rp2_common/hardware_irq/irq.c.obj
                0x10000f68                irq_set_pending
 .text.irq_has_shared_handler
                0x10000f78       0x2c CMakeFiles/DisplayC.dir/C_/Users/User/.pico-sdk/sdk/2.1.0/src/rp2_common/hardware_irq/irq.c.obj
                0x10000f78                irq_has_shared_handler
 .text.irq_set_exclusive_handler
                0x10000fa4       0x54 CMakeFiles/DisplayC.dir/C_/Users/User/.pico-sdk/sdk/2.1.0/src/rp2_common/hardware_irq/irq.c.obj
                0x10000fa4                irq_set_exclusive_handler
 .text.irq_add_shared_handler
                0x10000ff8      0x1f4 CMakeFiles/DisplayC.dir/C_/Users/User/.pico-sdk/sdk/2.1.0/src/rp2_common/hardware_irq/irq.c.obj
                0x10000ff8                irq_add_shared_handler
 .text.irq_add_tail_to_free_list
                0x100011ec       0xb4 CMakeFiles/DisplayC.dir/C_/Users/User/.pico-sdk/sdk/2.1.0/src/rp2_common/hardware_irq/irq.c.obj
                0x100011ec                irq_add_tail_to_free_list
 .text.user_irq_claim_unused
                0x100012a0       0x2c CMakeFiles/DisplayC.dir/C_/Users/User/.pico-sdk/sdk/2.1.0/src/rp2_common/hardware_irq/irq.c.obj
                0x100012a0                user_irq_claim_unused
 .text.lock_init
                0x100012cc       0x10 CMakeFiles/DisplayC.dir/C_/Users/User/.pico-sdk/sdk/2.1.0/src/common/pico_sync/lock_core.c.obj
                0x100012cc                lock_init
 .text.runtime_init_mutex
                0x100012dc       0x50 CMakeFiles/DisplayC.dir/C_/Users/User/.pico-sdk/sdk/2.1.0/src/common/pico_sync/mutex.c.obj
                0x100012dc                runtime_init_mutex
 .text.mutex_init
                0x1000132c       0x1c CMakeFiles/DisplayC.dir/C_/Users/User/.pico-sdk/sdk/2.1.0/src/common/pico_sync/mutex.c.obj
                0x1000132c                mutex_init
 .text.critical_section_init
                0x10001348       0x1c CMakeFiles/DisplayC.dir/C_/Users/User/.pico-sdk/sdk/2.1.0/src/common/pico_sync/critical_section.c.obj
                0x10001348                critical_section_init
 .text.critical_section_init_with_lock_num
                0x10001364       0x14 CMakeFiles/DisplayC.dir/C_/Users/User/.pico-sdk/sdk/2.1.0/src/common/pico_sync/critical_section.c.obj
                0x10001364                critical_section_init_with_lock_num
 .text.sleep_until_callback
                0x10001378       0x30 CMakeFiles/DisplayC.dir/C_/Users/User/.pico-sdk/sdk/2.1.0/src/common/pico_time/time.c.obj
 .text.alarm_pool_irq_handler
                0x100013a8      0x2fc CMakeFiles/DisplayC.dir/C_/Users/User/.pico-sdk/sdk/2.1.0/src/common/pico_time/time.c.obj
 .text.runtime_init_default_alarm_pool
                0x100016a4       0xdc CMakeFiles/DisplayC.dir/C_/Users/User/.pico-sdk/sdk/2.1.0/src/common/pico_time/time.c.obj
                0x100016a4                runtime_init_default_alarm_pool
 .text.alarm_pool_get_default
                0x10001780        0x8 CMakeFiles/DisplayC.dir/C_/Users/User/.pico-sdk/sdk/2.1.0/src/common/pico_time/time.c.obj
                0x10001780                alarm_pool_get_default
 .text.alarm_pool_add_alarm_at
                0x10001788       0xd4 CMakeFiles/DisplayC.dir/C_/Users/User/.pico-sdk/sdk/2.1.0/src/common/pico_time/time.c.obj
                0x10001788                alarm_pool_add_alarm_at
 .text.alarm_pool_add_alarm_at_force_in_context
                0x1000185c       0xb0 CMakeFiles/DisplayC.dir/C_/Users/User/.pico-sdk/sdk/2.1.0/src/common/pico_time/time.c.obj
                0x1000185c                alarm_pool_add_alarm_at_force_in_context
 .text.alarm_pool_cancel_alarm
                0x1000190c       0x74 CMakeFiles/DisplayC.dir/C_/Users/User/.pico-sdk/sdk/2.1.0/src/common/pico_time/time.c.obj
                0x1000190c                alarm_pool_cancel_alarm
 .text.alarm_pool_core_num
                0x10001980        0x4 CMakeFiles/DisplayC.dir/C_/Users/User/.pico-sdk/sdk/2.1.0/src/common/pico_time/time.c.obj
                0x10001980                alarm_pool_core_num
 .text.sleep_until
                0x10001984       0xd8 CMakeFiles/DisplayC.dir/C_/Users/User/.pico-sdk/sdk/2.1.0/src/common/pico_time/time.c.obj
                0x10001984                sleep_until
 .text.sleep_ms
                0x10001a5c       0x38 CMakeFiles/DisplayC.dir/C_/Users/User/.pico-sdk/sdk/2.1.0/src/common/pico_time/time.c.obj
                0x10001a5c                sleep_ms
 .text.best_effort_wfe_or_timeout
                0x10001a94       0xe0 CMakeFiles/DisplayC.dir/C_/Users/User/.pico-sdk/sdk/2.1.0/src/common/pico_time/time.c.obj
                0x10001a94                best_effort_wfe_or_timeout
 .text.timer_hardware_alarm_claim
                0x10001b74       0x14 CMakeFiles/DisplayC.dir/C_/Users/User/.pico-sdk/sdk/2.1.0/src/rp2_common/hardware_timer/timer.c.obj
                0x10001b74                timer_hardware_alarm_claim
 .text.timer_time_us_64
                0x10001b88       0x10 CMakeFiles/DisplayC.dir/C_/Users/User/.pico-sdk/sdk/2.1.0/src/rp2_common/hardware_timer/timer.c.obj
                0x10001b88                timer_time_us_64
 .text.time_us_64
                0x10001b98       0x14 CMakeFiles/DisplayC.dir/C_/Users/User/.pico-sdk/sdk/2.1.0/src/rp2_common/hardware_timer/timer.c.obj
                0x10001b98                time_us_64
 .text.busy_wait_until
                0x10001bac       0x20 CMakeFiles/DisplayC.dir/C_/Users/User/.pico-sdk/sdk/2.1.0/src/rp2_common/hardware_timer/timer.c.obj
                0x10001bac                busy_wait_until
 .text.clock_configure_int_divider
                0x10001bcc       0xf4 CMakeFiles/DisplayC.dir/C_/Users/User/.pico-sdk/sdk/2.1.0/src/rp2_common/hardware_clocks/clocks.c.obj
                0x10001bcc                clock_configure_int_divider
 .text.clock_configure_undivided
                0x10001cc0       0xe8 CMakeFiles/DisplayC.dir/C_/Users/User/.pico-sdk/sdk/2.1.0/src/rp2_common/hardware_clocks/clocks.c.obj
                0x10001cc0                clock_configure_undivided
 .text.clock_get_hz
                0x10001da8        0xc CMakeFiles/DisplayC.dir/C_/Users/User/.pico-sdk/sdk/2.1.0/src/rp2_common/hardware_clocks/clocks.c.obj
                0x10001da8                clock_get_hz
 .text.pll_init
                0x10001db4       0xa4 CMakeFiles/DisplayC.dir/C_/Users/User/.pico-sdk/sdk/2.1.0/src/rp2_common/hardware_pll/pll.c.obj
                0x10001db4                pll_init
 .text.watchdog_reboot
                0x10001e58       0x9c CMakeFiles/DisplayC.dir/C_/Users/User/.pico-sdk/sdk/2.1.0/src/rp2_common/hardware_watchdog/watchdog.c.obj
                0x10001e58                watchdog_reboot
 .text.tick_start
                0x10001ef4       0x10 CMakeFiles/DisplayC.dir/C_/Users/User/.pico-sdk/sdk/2.1.0/src/rp2_common/hardware_ticks/ticks.c.obj
                0x10001ef4                tick_start
 .text.rom_func_lookup
                0x10001f04       0x10 CMakeFiles/DisplayC.dir/C_/Users/User/.pico-sdk/sdk/2.1.0/src/rp2_common/pico_bootrom/bootrom.c.obj
                0x10001f04                rom_func_lookup
 .text.rom_data_lookup
                0x10001f14       0x10 CMakeFiles/DisplayC.dir/C_/Users/User/.pico-sdk/sdk/2.1.0/src/rp2_common/pico_bootrom/bootrom.c.obj
                0x10001f14                rom_data_lookup
 .text.rom_funcs_lookup
                0x10001f24       0x44 CMakeFiles/DisplayC.dir/C_/Users/User/.pico-sdk/sdk/2.1.0/src/rp2_common/pico_bootrom/bootrom.c.obj
                0x10001f24                rom_funcs_lookup
 .text.rom_reset_usb_boot_extra
                0x10001f68       0x28 CMakeFiles/DisplayC.dir/C_/Users/User/.pico-sdk/sdk/2.1.0/src/rp2_common/pico_bootrom/bootrom.c.obj
                0x10001f68                rom_reset_usb_boot_extra
 .text.xosc_init
                0x10001f90       0x28 CMakeFiles/DisplayC.dir/C_/Users/User/.pico-sdk/sdk/2.1.0/src/rp2_common/hardware_xosc/xosc.c.obj
                0x10001f90                xosc_init
 .text.first_per_core_initializer
                0x10001fb8        0x4 CMakeFiles/DisplayC.dir/C_/Users/User/.pico-sdk/sdk/2.1.0/src/rp2_common/pico_runtime/runtime.c.obj
 .text.hard_assertion_failure
                0x10001fbc        0xc CMakeFiles/DisplayC.dir/C_/Users/User/.pico-sdk/sdk/2.1.0/src/rp2_common/pico_runtime/runtime.c.obj
                0x10001fbc                hard_assertion_failure
 .text.runtime_run_initializers
                0x10001fc8       0x28 CMakeFiles/DisplayC.dir/C_/Users/User/.pico-sdk/sdk/2.1.0/src/rp2_common/pico_runtime/runtime.c.obj
                0x10001fc8                runtime_run_initializers
 .text.runtime_init_early_resets
                0x10001ff0       0x2c CMakeFiles/DisplayC.dir/C_/Users/User/.pico-sdk/sdk/2.1.0/src/rp2_common/pico_runtime_init/runtime_init.c.obj
                0x10001ff0                runtime_init_early_resets
 .text.runtime_init_usb_power_down
                0x1000201c       0x1c CMakeFiles/DisplayC.dir/C_/Users/User/.pico-sdk/sdk/2.1.0/src/rp2_common/pico_runtime_init/runtime_init.c.obj
                0x1000201c                runtime_init_usb_power_down
 .text.runtime_init_post_clock_resets
                0x10002038       0x20 CMakeFiles/DisplayC.dir/C_/Users/User/.pico-sdk/sdk/2.1.0/src/rp2_common/pico_runtime_init/runtime_init.c.obj
                0x10002038                runtime_init_post_clock_resets
 .text.runtime_init_rp2040_gpio_ie_disable
                0x10002058       0x14 CMakeFiles/DisplayC.dir/C_/Users/User/.pico-sdk/sdk/2.1.0/src/rp2_common/pico_runtime_init/runtime_init.c.obj
                0x10002058                runtime_init_rp2040_gpio_ie_disable
 .text.runtime_init_spin_locks_reset
                0x1000206c        0x8 CMakeFiles/DisplayC.dir/C_/Users/User/.pico-sdk/sdk/2.1.0/src/rp2_common/pico_runtime_init/runtime_init.c.obj
                0x1000206c                runtime_init_spin_locks_reset
 .text.runtime_init_install_ram_vector_table
                0x10002074       0x1c CMakeFiles/DisplayC.dir/C_/Users/User/.pico-sdk/sdk/2.1.0/src/rp2_common/pico_runtime_init/runtime_init.c.obj
                0x10002074                runtime_init_install_ram_vector_table
 .text.runtime_init_clocks
                0x10002090       0xd8 CMakeFiles/DisplayC.dir/C_/Users/User/.pico-sdk/sdk/2.1.0/src/rp2_common/pico_runtime_init/runtime_init_clocks.c.obj
                0x10002090                runtime_init_clocks
 .text          0x10002168       0x10 CMakeFiles/DisplayC.dir/C_/Users/User/.pico-sdk/sdk/2.1.0/src/rp2_common/pico_bit_ops/bit_ops_aeabi.S.obj
 .text.__wrap___aeabi_idiv
                0x10002178       0x50 CMakeFiles/DisplayC.dir/C_/Users/User/.pico-sdk/sdk/2.1.0/src/rp2_common/pico_divider/divider_hardware.S.obj
                0x10002178                __wrap___aeabi_idivmod
                0x10002178                divmod_s32s32
                0x10002178                div_s32s32
                0x10002178                __wrap___aeabi_idiv
                0x10002180                divmod_s32s32_unsafe
                0x100021ac                divmod_s32s32_savestate
 .text.__wrap___aeabi_uidiv
                0x100021c8       0x4c CMakeFiles/DisplayC.dir/C_/Users/User/.pico-sdk/sdk/2.1.0/src/rp2_common/pico_divider/divider_hardware.S.obj
                0x100021c8                __wrap___aeabi_uidiv
                0x100021c8                __wrap___aeabi_uidivmod
                0x100021c8                div_u32u32
                0x100021c8                divmod_u32u32
                0x100021d0                divmod_u32u32_unsafe
                0x100021f8                divmod_u32u32_savestate
 .text.__wrap___aeabi_ldiv
                0x10002214      0x424 CMakeFiles/DisplayC.dir/C_/Users/User/.pico-sdk/sdk/2.1.0/src/rp2_common/pico_divider/divider_hardware.S.obj
                0x10002214                div_s64s64
                0x10002214                divmod_s64s64
                0x10002214                __wrap___aeabi_ldivmod
                0x10002244                divmod_u64u64
                0x10002244                div_u64u64
                0x10002244                __wrap___aeabi_uldivmod
                0x10002254                divmod_u64u64_savestate
                0x10002274                divmod_s64s64_unsafe
                0x100022fc                divmod_u64u64_unsafe
 .text.__wrap___aeabi_darithmetic
                0x10002638       0x80 CMakeFiles/DisplayC.dir/C_/Users/User/.pico-sdk/sdk/2.1.0/src/rp2_common/pico_double/double_aeabi_rp2040.S.obj
                0x10002638                __wrap___aeabi_drsub
                0x1000263e                __wrap___aeabi_dsub
                0x10002650                __wrap___aeabi_dadd
                0x10002662                __wrap___aeabi_ddiv
                0x1000269e                __wrap___aeabi_dmul
 .text.__wrap___aeabi_cdcmple
                0x100026b8       0x6c CMakeFiles/DisplayC.dir/C_/Users/User/.pico-sdk/sdk/2.1.0/src/rp2_common/pico_double/double_aeabi_rp2040.S.obj
                0x100026b8                __wrap___aeabi_cdrcmple
                0x100026c8                __wrap___aeabi_cdcmpeq
                0x100026c8                __wrap___aeabi_cdcmple
 .text.__wrap___aeabi_dcmplt
                0x10002724        0xc CMakeFiles/DisplayC.dir/C_/Users/User/.pico-sdk/sdk/2.1.0/src/rp2_common/pico_double/double_aeabi_rp2040.S.obj
                0x10002724                __wrap___aeabi_dcmplt
 .text.__wrap___aeabi_dcmpge
                0x10002730       0x10 CMakeFiles/DisplayC.dir/C_/Users/User/.pico-sdk/sdk/2.1.0/src/rp2_common/pico_double/double_aeabi_rp2040.S.obj
                0x10002730                __wrap___aeabi_dcmpge
 .text.__wrap___aeabi_dcmpgt
                0x10002740        0xa CMakeFiles/DisplayC.dir/C_/Users/User/.pico-sdk/sdk/2.1.0/src/rp2_common/pico_double/double_aeabi_rp2040.S.obj
                0x10002740                __wrap___aeabi_dcmpgt
 .text.__wrap___aeabi_dcmpun
                0x1000274a       0x18 CMakeFiles/DisplayC.dir/C_/Users/User/.pico-sdk/sdk/2.1.0/src/rp2_common/pico_double/double_aeabi_rp2040.S.obj
                0x1000274a                __wrap___aeabi_dcmpun
 *fill*         0x10002762        0x2 
 .text.__wrap___aeabi_i2d
                0x10002764       0x38 CMakeFiles/DisplayC.dir/C_/Users/User/.pico-sdk/sdk/2.1.0/src/rp2_common/pico_double/double_aeabi_rp2040.S.obj
                0x10002764                __wrap___aeabi_ui2d
                0x1000276c                __wrap___aeabi_i2d
 .text.__wrap___aeabi_d2iz
                0x1000279c       0x48 CMakeFiles/DisplayC.dir/C_/Users/User/.pico-sdk/sdk/2.1.0/src/rp2_common/pico_double/double_aeabi_rp2040.S.obj
                0x1000279c                double2int_z
                0x1000279c                __wrap___aeabi_d2iz
 .text.__wrap___aeabi_d2uiz
                0x100027e4       0x18 CMakeFiles/DisplayC.dir/C_/Users/User/.pico-sdk/sdk/2.1.0/src/rp2_common/pico_double/double_aeabi_rp2040.S.obj
                0x100027e4                __wrap___aeabi_d2uiz
                0x100027e4                double2uint
 .text.__aeabi_double_init
                0x100027fc       0xa4 CMakeFiles/DisplayC.dir/C_/Users/User/.pico-sdk/sdk/2.1.0/src/rp2_common/pico_double/double_init_rom_rp2040.c.obj
                0x100027fc                __aeabi_double_init
 .text.double_table_shim_on_use_helper
                0x100028a0       0x2c CMakeFiles/DisplayC.dir/C_/Users/User/.pico-sdk/sdk/2.1.0/src/rp2_common/pico_double/double_v1_rom_shim_rp2040.S.obj
                0x100028a0                double_table_shim_on_use_helper
 .text.__wrap___aeabi_dsub
                0x100028cc       0x10 CMakeFiles/DisplayC.dir/C_/Users/User/.pico-sdk/sdk/2.1.0/src/rp2_common/pico_double/double_v1_rom_shim_rp2040.S.obj
                0x100028cc                drsub_shim
                0x100028d2                dsub_shim
 .text.dadd_shim
                0x100028dc      0x15c CMakeFiles/DisplayC.dir/C_/Users/User/.pico-sdk/sdk/2.1.0/src/rp2_common/pico_double/double_v1_rom_shim_rp2040.S.obj
                0x100028dc                dadd_shim
 .text.dmul_shim
                0x10002a38      0x15c CMakeFiles/DisplayC.dir/C_/Users/User/.pico-sdk/sdk/2.1.0/src/rp2_common/pico_double/double_v1_rom_shim_rp2040.S.obj
                0x10002a38                dmul_shim
 .text.ddiv_shim
                0x10002b94      0x1b0 CMakeFiles/DisplayC.dir/C_/Users/User/.pico-sdk/sdk/2.1.0/src/rp2_common/pico_double/double_v1_rom_shim_rp2040.S.obj
                0x10002b94                ddiv_shim
 .text.double2uint_shim
                0x10002d44        0xe CMakeFiles/DisplayC.dir/C_/Users/User/.pico-sdk/sdk/2.1.0/src/rp2_common/pico_double/double_v1_rom_shim_rp2040.S.obj
                0x10002d44                double2uint_shim
                0x10002d46                double2ufix_shim
 *fill*         0x10002d52        0x2 
 .text.double2uint64_shim
                0x10002d54       0x70 CMakeFiles/DisplayC.dir/C_/Users/User/.pico-sdk/sdk/2.1.0/src/rp2_common/pico_double/double_v1_rom_shim_rp2040.S.obj
                0x10002d54                double2uint64_shim
                0x10002d56                double2ufix64_shim
                0x10002d76                d2fix_a
 .text.dunpacks
                0x10002dc4       0x3c CMakeFiles/DisplayC.dir/C_/Users/User/.pico-sdk/sdk/2.1.0/src/rp2_common/pico_double/double_v1_rom_shim_rp2040.S.obj
                0x10002dc4                dunpacks
 .text.__aeabi_lmul
                0x10002e00       0x32 CMakeFiles/DisplayC.dir/C_/Users/User/.pico-sdk/sdk/2.1.0/src/rp2_common/pico_int64_ops/pico_int64_ops_aeabi.S.obj
                0x10002e00                __wrap___aeabi_lmul
 *fill*         0x10002e32        0x2 
 .text.__wrap___aeabi_farithmetic
                0x10002e34       0x48 CMakeFiles/DisplayC.dir/C_/Users/User/.pico-sdk/sdk/2.1.0/src/rp2_common/pico_float/float_aeabi_rp2040.S.obj
                0x10002e34                __wrap___aeabi_frsub
                0x10002e3a                __wrap___aeabi_fsub
                0x10002e40                __wrap___aeabi_fadd
                0x10002e46                __wrap___aeabi_fdiv
                0x10002e6e                __wrap___aeabi_fmul
 .text.__wrap___aeabi_ui2f
                0x10002e7c        0xa CMakeFiles/DisplayC.dir/C_/Users/User/.pico-sdk/sdk/2.1.0/src/rp2_common/pico_float/float_aeabi_rp2040.S.obj
                0x10002e7c                __wrap___aeabi_ui2f
                0x10002e7c                uint2float
 *fill*         0x10002e86        0x2 
 .text.__wrap___aeabi_i2f
                0x10002e88       0x44 CMakeFiles/DisplayC.dir/C_/Users/User/.pico-sdk/sdk/2.1.0/src/rp2_common/pico_float/float_aeabi_rp2040.S.obj
                0x10002e88                __wrap___aeabi_i2f
                0x10002e88                int2float
 .text.__wrap___aeabi_f2iz
                0x10002ecc       0x4e CMakeFiles/DisplayC.dir/C_/Users/User/.pico-sdk/sdk/2.1.0/src/rp2_common/pico_float/float_aeabi_rp2040.S.obj
                0x10002ecc                float2int_z
                0x10002ecc                __wrap___aeabi_f2iz
 *fill*         0x10002f1a        0x2 
 .text.float2int
                0x10002f1c       0x14 CMakeFiles/DisplayC.dir/C_/Users/User/.pico-sdk/sdk/2.1.0/src/rp2_common/pico_float/float_aeabi_rp2040.S.obj
                0x10002f1c                float2int
 .text.__wrap___aeabi_f2uiz
                0x10002f30        0xc CMakeFiles/DisplayC.dir/C_/Users/User/.pico-sdk/sdk/2.1.0/src/rp2_common/pico_float/float_aeabi_rp2040.S.obj
                0x10002f30                __wrap___aeabi_f2uiz
                0x10002f30                float2uint_z
 .text.__wrap___aeabi_f2d
                0x10002f3c       0x14 CMakeFiles/DisplayC.dir/C_/Users/User/.pico-sdk/sdk/2.1.0/src/rp2_common/pico_float/float_aeabi_rp2040.S.obj
                0x10002f3c                __wrap___aeabi_f2d
 .text.__wrap_logf
                0x10002f50        0xc CMakeFiles/DisplayC.dir/C_/Users/User/.pico-sdk/sdk/2.1.0/src/rp2_common/pico_float/float_aeabi_rp2040.S.obj
                0x10002f50                __wrap_logf
 .text.__aeabi_float_init
                0x10002f5c       0x64 CMakeFiles/DisplayC.dir/C_/Users/User/.pico-sdk/sdk/2.1.0/src/rp2_common/pico_float/float_init_rom_rp2040.c.obj
                0x10002f5c                __aeabi_float_init
 .text.__wrap_roundf
                0x10002fc0       0x38 CMakeFiles/DisplayC.dir/C_/Users/User/.pico-sdk/sdk/2.1.0/src/rp2_common/pico_float/float_math.c.obj
                0x10002fc0                __wrap_roundf
 .text.__wrap_log10f
                0x10002ff8       0x14 CMakeFiles/DisplayC.dir/C_/Users/User/.pico-sdk/sdk/2.1.0/src/rp2_common/pico_float/float_math.c.obj
                0x10002ff8                __wrap_log10f
 .text.float_table_shim_on_use_helper
                0x1000300c       0x2c CMakeFiles/DisplayC.dir/C_/Users/User/.pico-sdk/sdk/2.1.0/src/rp2_common/pico_float/float_v1_rom_shim_rp2040.S.obj
                0x1000300c                float_table_shim_on_use_helper
 .text.float232_shims
                0x10003038       0x18 CMakeFiles/DisplayC.dir/C_/Users/User/.pico-sdk/sdk/2.1.0/src/rp2_common/pico_float/float_v1_rom_shim_rp2040.S.obj
                0x10003038                float2int_shim
                0x1000303a                float2fix_shim
 .text.float2double_shim
                0x10003050       0x30 CMakeFiles/DisplayC.dir/C_/Users/User/.pico-sdk/sdk/2.1.0/src/rp2_common/pico_float/float_v1_rom_shim_rp2040.S.obj
                0x10003050                float2double_shim
 .text.__wrap_calloc
                0x10003080       0x28 CMakeFiles/DisplayC.dir/C_/Users/User/.pico-sdk/sdk/2.1.0/src/rp2_common/pico_malloc/malloc.c.obj
                0x10003080                __wrap_calloc
 .text          0x100030a8       0x10 CMakeFiles/DisplayC.dir/C_/Users/User/.pico-sdk/sdk/2.1.0/src/rp2_common/pico_mem_ops/mem_ops_aeabi.S.obj
                0x100030a8                __aeabi_mem_init
 .text.memset   0x100030b8        0xc CMakeFiles/DisplayC.dir/C_/Users/User/.pico-sdk/sdk/2.1.0/src/rp2_common/pico_mem_ops/mem_ops_aeabi.S.obj
                0x100030b8                __wrap_memset
 .text.memcpy   0x100030c4        0xc CMakeFiles/DisplayC.dir/C_/Users/User/.pico-sdk/sdk/2.1.0/src/rp2_common/pico_mem_ops/mem_ops_aeabi.S.obj
                0x100030c4                __wrap_memcpy
                0x100030c4                __wrap___aeabi_memcpy
 .text._out_buffer
                0x100030d0        0x8 CMakeFiles/DisplayC.dir/C_/Users/User/.pico-sdk/sdk/2.1.0/src/rp2_common/pico_printf/printf.c.obj
 .text._out_null
                0x100030d8        0x4 CMakeFiles/DisplayC.dir/C_/Users/User/.pico-sdk/sdk/2.1.0/src/rp2_common/pico_printf/printf.c.obj
 .text._out_rev
                0x100030dc       0xac CMakeFiles/DisplayC.dir/C_/Users/User/.pico-sdk/sdk/2.1.0/src/rp2_common/pico_printf/printf.c.obj
 .text._ntoa_format
                0x10003188      0x250 CMakeFiles/DisplayC.dir/C_/Users/User/.pico-sdk/sdk/2.1.0/src/rp2_common/pico_printf/printf.c.obj
 .text._out_char
                0x100033d8       0x10 CMakeFiles/DisplayC.dir/C_/Users/User/.pico-sdk/sdk/2.1.0/src/rp2_common/pico_printf/printf.c.obj
 .text._out_fct
                0x100033e8       0x10 CMakeFiles/DisplayC.dir/C_/Users/User/.pico-sdk/sdk/2.1.0/src/rp2_common/pico_printf/printf.c.obj
 .text._etoa    0x100033f8      0x464 CMakeFiles/DisplayC.dir/C_/Users/User/.pico-sdk/sdk/2.1.0/src/rp2_common/pico_printf/printf.c.obj
 .text._ftoa    0x1000385c      0x3c0 CMakeFiles/DisplayC.dir/C_/Users/User/.pico-sdk/sdk/2.1.0/src/rp2_common/pico_printf/printf.c.obj
 .text._vsnprintf
                0x10003c1c      0xbc8 CMakeFiles/DisplayC.dir/C_/Users/User/.pico-sdk/sdk/2.1.0/src/rp2_common/pico_printf/printf.c.obj
 .text.__wrap_snprintf
                0x100047e4       0x28 CMakeFiles/DisplayC.dir/C_/Users/User/.pico-sdk/sdk/2.1.0/src/rp2_common/pico_printf/printf.c.obj
                0x100047e4                __wrap_snprintf
 .text.vfctprintf
                0x1000480c       0x20 CMakeFiles/DisplayC.dir/C_/Users/User/.pico-sdk/sdk/2.1.0/src/rp2_common/pico_printf/printf.c.obj
                0x1000480c                vfctprintf
 .text.weak_raw_vprintf
                0x1000482c       0x30 CMakeFiles/DisplayC.dir/C_/Users/User/.pico-sdk/sdk/2.1.0/src/rp2_common/pico_printf/printf.c.obj
                0x1000482c                weak_raw_vprintf
 .text._exit    0x1000485c        0x4 CMakeFiles/DisplayC.dir/C_/Users/User/.pico-sdk/sdk/2.1.0/src/rp2_common/pico_clib_interface/newlib_interface.c.obj
                0x1000485c                _exit
 .text._sbrk    0x10004860       0x34 CMakeFiles/DisplayC.dir/C_/Users/User/.pico-sdk/sdk/2.1.0/src/rp2_common/pico_clib_interface/newlib_interface.c.obj
                0x10004860                _sbrk
 .text.exit     0x10004894        0x8 CMakeFiles/DisplayC.dir/C_/Users/User/.pico-sdk/sdk/2.1.0/src/rp2_common/pico_clib_interface/newlib_interface.c.obj
                0x10004894                exit
 .text.runtime_init
                0x1000489c       0x2c CMakeFiles/DisplayC.dir/C_/Users/User/.pico-sdk/sdk/2.1.0/src/rp2_common/pico_clib_interface/newlib_interface.c.obj
                0x1000489c                runtime_init
 .text.stdio_out_chars_no_crlf
                0x100048c8       0x10 CMakeFiles/DisplayC.dir/C_/Users/User/.pico-sdk/sdk/2.1.0/src/rp2_common/pico_stdio/stdio.c.obj
 .text.stdio_out_chars_crlf
                0x100048d8       0x94 CMakeFiles/DisplayC.dir/C_/Users/User/.pico-sdk/sdk/2.1.0/src/rp2_common/pico_stdio/stdio.c.obj
 .text.stdio_buffered_printer
                0x1000496c       0x64 CMakeFiles/DisplayC.dir/C_/Users/User/.pico-sdk/sdk/2.1.0/src/rp2_common/pico_stdio/stdio.c.obj
 .text.stdio_put_string
                0x100049d0      0x100 CMakeFiles/DisplayC.dir/C_/Users/User/.pico-sdk/sdk/2.1.0/src/rp2_common/pico_stdio/stdio.c.obj
                0x100049d0                stdio_put_string
 .text.stdio_set_driver_enabled
                0x10004ad0       0x30 CMakeFiles/DisplayC.dir/C_/Users/User/.pico-sdk/sdk/2.1.0/src/rp2_common/pico_stdio/stdio.c.obj
                0x10004ad0                stdio_set_driver_enabled
 .text.stdio_init_all
                0x10004b00        0x8 CMakeFiles/DisplayC.dir/C_/Users/User/.pico-sdk/sdk/2.1.0/src/rp2_common/pico_stdio/stdio.c.obj
                0x10004b00                stdio_init_all
 .text.__wrap_putchar
                0x10004b08       0x98 CMakeFiles/DisplayC.dir/C_/Users/User/.pico-sdk/sdk/2.1.0/src/rp2_common/pico_stdio/stdio.c.obj
                0x10004b08                __wrap_putchar
                0x10004b08                stdio_putchar
 .text.__wrap_puts
                0x10004ba0       0x3c CMakeFiles/DisplayC.dir/C_/Users/User/.pico-sdk/sdk/2.1.0/src/rp2_common/pico_stdio/stdio.c.obj
                0x10004ba0                stdio_puts
                0x10004ba0                __wrap_puts
 .text.__wrap_vprintf
                0x10004bdc       0xd4 CMakeFiles/DisplayC.dir/C_/Users/User/.pico-sdk/sdk/2.1.0/src/rp2_common/pico_stdio/stdio.c.obj
                0x10004bdc                stdio_vprintf
                0x10004bdc                __wrap_vprintf
 .text.__wrap_printf
                0x10004cb0       0x18 CMakeFiles/DisplayC.dir/C_/Users/User/.pico-sdk/sdk/2.1.0/src/rp2_common/pico_stdio/stdio.c.obj
                0x10004cb0                __wrap_printf
                0x10004cb0                stdio_printf
 .text.resetd_init
                0x10004cc8        0x4 CMakeFiles/DisplayC.dir/C_/Users/User/.pico-sdk/sdk/2.1.0/src/rp2_common/pico_stdio_usb/reset_interface.c.obj
 .text.resetd_reset
                0x10004ccc        0xc CMakeFiles/DisplayC.dir/C_/Users/User/.pico-sdk/sdk/2.1.0/src/rp2_common/pico_stdio_usb/reset_interface.c.obj
 .text.resetd_open
                0x10004cd8       0x28 CMakeFiles/DisplayC.dir/C_/Users/User/.pico-sdk/sdk/2.1.0/src/rp2_common/pico_stdio_usb/reset_interface.c.obj
 .text.resetd_xfer_cb
                0x10004d00        0x4 CMakeFiles/DisplayC.dir/C_/Users/User/.pico-sdk/sdk/2.1.0/src/rp2_common/pico_stdio_usb/reset_interface.c.obj
 .text.resetd_control_xfer_cb
                0x10004d04       0x5c CMakeFiles/DisplayC.dir/C_/Users/User/.pico-sdk/sdk/2.1.0/src/rp2_common/pico_stdio_usb/reset_interface.c.obj
 .text.tud_descriptor_bos_cb
                0x10004d60        0x8 CMakeFiles/DisplayC.dir/C_/Users/User/.pico-sdk/sdk/2.1.0/src/rp2_common/pico_stdio_usb/reset_interface.c.obj
                0x10004d60                tud_descriptor_bos_cb
 .text.tud_vendor_control_xfer_cb
                0x10004d68       0x34 CMakeFiles/DisplayC.dir/C_/Users/User/.pico-sdk/sdk/2.1.0/src/rp2_common/pico_stdio_usb/reset_interface.c.obj
                0x10004d68                tud_vendor_control_xfer_cb
 .text.usbd_app_driver_get_cb
                0x10004d9c        0xc CMakeFiles/DisplayC.dir/C_/Users/User/.pico-sdk/sdk/2.1.0/src/rp2_common/pico_stdio_usb/reset_interface.c.obj
                0x10004d9c                usbd_app_driver_get_cb
 .text.tud_cdc_line_coding_cb
                0x10004da8       0x2c CMakeFiles/DisplayC.dir/C_/Users/User/.pico-sdk/sdk/2.1.0/src/rp2_common/pico_stdio_usb/reset_interface.c.obj
                0x10004da8                tud_cdc_line_coding_cb
 .text.stdio_usb_set_chars_available_callback
                0x10004dd4       0x14 CMakeFiles/DisplayC.dir/C_/Users/User/.pico-sdk/sdk/2.1.0/src/rp2_common/pico_stdio_usb/stdio_usb.c.obj
                0x10004dd4                stdio_usb_set_chars_available_callback
 .text.usb_irq  0x10004de8       0x10 CMakeFiles/DisplayC.dir/C_/Users/User/.pico-sdk/sdk/2.1.0/src/rp2_common/pico_stdio_usb/stdio_usb.c.obj
 .text.timer_task
                0x10004df8       0x64 CMakeFiles/DisplayC.dir/C_/Users/User/.pico-sdk/sdk/2.1.0/src/rp2_common/pico_stdio_usb/stdio_usb.c.obj
 .text.stdio_usb_in_chars
                0x10004e5c       0x90 CMakeFiles/DisplayC.dir/C_/Users/User/.pico-sdk/sdk/2.1.0/src/rp2_common/pico_stdio_usb/stdio_usb.c.obj
                0x10004e5c                stdio_usb_in_chars
 .text.stdio_usb_out_flush
                0x10004eec       0x50 CMakeFiles/DisplayC.dir/C_/Users/User/.pico-sdk/sdk/2.1.0/src/rp2_common/pico_stdio_usb/stdio_usb.c.obj
 .text.stdio_usb_out_chars
                0x10004f3c      0x104 CMakeFiles/DisplayC.dir/C_/Users/User/.pico-sdk/sdk/2.1.0/src/rp2_common/pico_stdio_usb/stdio_usb.c.obj
 .text.low_priority_worker_irq
                0x10005040       0xcc CMakeFiles/DisplayC.dir/C_/Users/User/.pico-sdk/sdk/2.1.0/src/rp2_common/pico_stdio_usb/stdio_usb.c.obj
 .text.stdio_usb_init
                0x1000510c       0xe8 CMakeFiles/DisplayC.dir/C_/Users/User/.pico-sdk/sdk/2.1.0/src/rp2_common/pico_stdio_usb/stdio_usb.c.obj
                0x1000510c                stdio_usb_init
 .text.tud_descriptor_device_cb
                0x100051f4        0x8 CMakeFiles/DisplayC.dir/C_/Users/User/.pico-sdk/sdk/2.1.0/src/rp2_common/pico_stdio_usb/stdio_usb_descriptors.c.obj
                0x100051f4                tud_descriptor_device_cb
 .text.tud_descriptor_configuration_cb
                0x100051fc        0x8 CMakeFiles/DisplayC.dir/C_/Users/User/.pico-sdk/sdk/2.1.0/src/rp2_common/pico_stdio_usb/stdio_usb_descriptors.c.obj
                0x100051fc                tud_descriptor_configuration_cb
 .text.tud_descriptor_string_cb
                0x10005204       0x78 CMakeFiles/DisplayC.dir/C_/Users/User/.pico-sdk/sdk/2.1.0/src/rp2_common/pico_stdio_usb/stdio_usb_descriptors.c.obj
                0x10005204                tud_descriptor_string_cb
 .text.startup._retrieve_unique_id_on_boot
                0x1000527c       0x10 CMakeFiles/DisplayC.dir/C_/Users/User/.pico-sdk/sdk/2.1.0/src/rp2_common/pico_unique_id/unique_id.c.obj
 .text.pico_get_unique_board_id_string
                0x1000528c      0x1a8 CMakeFiles/DisplayC.dir/C_/Users/User/.pico-sdk/sdk/2.1.0/src/rp2_common/pico_unique_id/unique_id.c.obj
                0x1000528c                pico_get_unique_board_id_string
 .text.flash_get_unique_id
                0x10005434       0x3c CMakeFiles/DisplayC.dir/C_/Users/User/.pico-sdk/sdk/2.1.0/src/rp2_common/hardware_flash/flash.c.obj
                0x10005434                flash_get_unique_id
 .text.dcd_init
                0x10005470       0x8c CMakeFiles/DisplayC.dir/C_/Users/User/.pico-sdk/sdk/2.1.0/lib/tinyusb/src/portable/raspberrypi/rp2040/dcd_rp2040.c.obj
                0x10005470                dcd_init
 .text.dcd_int_enable
                0x100054fc        0xc CMakeFiles/DisplayC.dir/C_/Users/User/.pico-sdk/sdk/2.1.0/lib/tinyusb/src/portable/raspberrypi/rp2040/dcd_rp2040.c.obj
                0x100054fc                dcd_int_enable
 .text.dcd_set_address
                0x10005508       0x14 CMakeFiles/DisplayC.dir/C_/Users/User/.pico-sdk/sdk/2.1.0/lib/tinyusb/src/portable/raspberrypi/rp2040/dcd_rp2040.c.obj
                0x10005508                dcd_set_address
 .text.dcd_sof_enable
                0x1000551c       0x1c CMakeFiles/DisplayC.dir/C_/Users/User/.pico-sdk/sdk/2.1.0/lib/tinyusb/src/portable/raspberrypi/rp2040/dcd_rp2040.c.obj
                0x1000551c                dcd_sof_enable
 .text.dcd_edpt0_status_complete
                0x10005538       0x1c CMakeFiles/DisplayC.dir/C_/Users/User/.pico-sdk/sdk/2.1.0/lib/tinyusb/src/portable/raspberrypi/rp2040/dcd_rp2040.c.obj
                0x10005538                dcd_edpt0_status_complete
 .text.dcd_edpt_open
                0x10005554      0x108 CMakeFiles/DisplayC.dir/C_/Users/User/.pico-sdk/sdk/2.1.0/lib/tinyusb/src/portable/raspberrypi/rp2040/dcd_rp2040.c.obj
                0x10005554                dcd_edpt_open
 .text.dcd_edpt_close_all
                0x1000565c        0x8 CMakeFiles/DisplayC.dir/C_/Users/User/.pico-sdk/sdk/2.1.0/lib/tinyusb/src/portable/raspberrypi/rp2040/dcd_rp2040.c.obj
                0x1000565c                dcd_edpt_close_all
 .text.dcd_edpt_xfer
                0x10005664       0x24 CMakeFiles/DisplayC.dir/C_/Users/User/.pico-sdk/sdk/2.1.0/lib/tinyusb/src/portable/raspberrypi/rp2040/dcd_rp2040.c.obj
                0x10005664                dcd_edpt_xfer
 .text.dcd_edpt_stall
                0x10005688       0x34 CMakeFiles/DisplayC.dir/C_/Users/User/.pico-sdk/sdk/2.1.0/lib/tinyusb/src/portable/raspberrypi/rp2040/dcd_rp2040.c.obj
                0x10005688                dcd_edpt_stall
 .text.dcd_edpt_clear_stall
                0x100056bc       0x30 CMakeFiles/DisplayC.dir/C_/Users/User/.pico-sdk/sdk/2.1.0/lib/tinyusb/src/portable/raspberrypi/rp2040/dcd_rp2040.c.obj
                0x100056bc                dcd_edpt_clear_stall
 .text.rp2040_usb_init
                0x100056ec       0x40 CMakeFiles/DisplayC.dir/C_/Users/User/.pico-sdk/sdk/2.1.0/lib/tinyusb/src/portable/raspberrypi/rp2040/rp2040_usb.c.obj
                0x100056ec                rp2040_usb_init
 .text.hw_endpoint_xfer_start
                0x1000572c       0x40 CMakeFiles/DisplayC.dir/C_/Users/User/.pico-sdk/sdk/2.1.0/lib/tinyusb/src/portable/raspberrypi/rp2040/rp2040_usb.c.obj
                0x1000572c                hw_endpoint_xfer_start
 .text.tud_event_hook_cb
                0x1000576c        0x4 CMakeFiles/DisplayC.dir/C_/Users/User/.pico-sdk/sdk/2.1.0/lib/tinyusb/src/device/usbd.c.obj
                0x1000576c                tud_event_hook_cb
 .text.tud_sof_cb
                0x10005770        0x4 CMakeFiles/DisplayC.dir/C_/Users/User/.pico-sdk/sdk/2.1.0/lib/tinyusb/src/device/usbd.c.obj
                0x10005770                tud_sof_cb
 .text.tud_descriptor_device_qualifier_cb
                0x10005774        0x4 CMakeFiles/DisplayC.dir/C_/Users/User/.pico-sdk/sdk/2.1.0/lib/tinyusb/src/device/usbd.c.obj
                0x10005774                tud_descriptor_device_qualifier_cb
 .text.tud_descriptor_other_speed_configuration_cb
                0x10005778        0x4 CMakeFiles/DisplayC.dir/C_/Users/User/.pico-sdk/sdk/2.1.0/lib/tinyusb/src/device/usbd.c.obj
                0x10005778                tud_descriptor_other_speed_configuration_cb
 .text.tud_mount_cb
                0x1000577c        0x4 CMakeFiles/DisplayC.dir/C_/Users/User/.pico-sdk/sdk/2.1.0/lib/tinyusb/src/device/usbd.c.obj
                0x1000577c                tud_mount_cb
 .text.tud_umount_cb
                0x10005780        0x4 CMakeFiles/DisplayC.dir/C_/Users/User/.pico-sdk/sdk/2.1.0/lib/tinyusb/src/device/usbd.c.obj
                0x10005780                tud_umount_cb
 .text.tud_suspend_cb
                0x10005784        0x4 CMakeFiles/DisplayC.dir/C_/Users/User/.pico-sdk/sdk/2.1.0/lib/tinyusb/src/device/usbd.c.obj
                0x10005784                tud_suspend_cb
 .text.tud_resume_cb
                0x10005788        0x4 CMakeFiles/DisplayC.dir/C_/Users/User/.pico-sdk/sdk/2.1.0/lib/tinyusb/src/device/usbd.c.obj
                0x10005788                tud_resume_cb
 .text.tud_mounted
                0x1000578c       0x10 CMakeFiles/DisplayC.dir/C_/Users/User/.pico-sdk/sdk/2.1.0/lib/tinyusb/src/device/usbd.c.obj
                0x1000578c                tud_mounted
 .text.tud_suspended
                0x1000579c       0x10 CMakeFiles/DisplayC.dir/C_/Users/User/.pico-sdk/sdk/2.1.0/lib/tinyusb/src/device/usbd.c.obj
                0x1000579c                tud_suspended
 .text.tud_init
                0x100057ac       0xe4 CMakeFiles/DisplayC.dir/C_/Users/User/.pico-sdk/sdk/2.1.0/lib/tinyusb/src/device/usbd.c.obj
                0x100057ac                tud_init
 .text.tud_task_ext
                0x10005890      0x800 CMakeFiles/DisplayC.dir/C_/Users/User/.pico-sdk/sdk/2.1.0/lib/tinyusb/src/device/usbd.c.obj
                0x10005890                tud_task_ext
 .text.usbd_open_edpt_pair
                0x10006090       0x9c CMakeFiles/DisplayC.dir/C_/Users/User/.pico-sdk/sdk/2.1.0/lib/tinyusb/src/device/usbd.c.obj
                0x10006090                usbd_open_edpt_pair
 .text.usbd_edpt_open
                0x1000612c       0x34 CMakeFiles/DisplayC.dir/C_/Users/User/.pico-sdk/sdk/2.1.0/lib/tinyusb/src/device/usbd.c.obj
                0x1000612c                usbd_edpt_open
 .text.usbd_edpt_claim
                0x10006160       0x28 CMakeFiles/DisplayC.dir/C_/Users/User/.pico-sdk/sdk/2.1.0/lib/tinyusb/src/device/usbd.c.obj
                0x10006160                usbd_edpt_claim
 .text.usbd_edpt_release
                0x10006188       0x28 CMakeFiles/DisplayC.dir/C_/Users/User/.pico-sdk/sdk/2.1.0/lib/tinyusb/src/device/usbd.c.obj
                0x10006188                usbd_edpt_release
 .text.usbd_edpt_xfer
                0x100061b0       0x4c CMakeFiles/DisplayC.dir/C_/Users/User/.pico-sdk/sdk/2.1.0/lib/tinyusb/src/device/usbd.c.obj
                0x100061b0                usbd_edpt_xfer
 .text.tud_control_status
                0x100061fc       0x2c CMakeFiles/DisplayC.dir/C_/Users/User/.pico-sdk/sdk/2.1.0/lib/tinyusb/src/device/usbd_control.c.obj
                0x100061fc                tud_control_status
 .text.tud_control_xfer
                0x10006228       0xac CMakeFiles/DisplayC.dir/C_/Users/User/.pico-sdk/sdk/2.1.0/lib/tinyusb/src/device/usbd_control.c.obj
                0x10006228                tud_control_xfer
 .text.usbd_control_reset
                0x100062d4       0x14 CMakeFiles/DisplayC.dir/C_/Users/User/.pico-sdk/sdk/2.1.0/lib/tinyusb/src/device/usbd_control.c.obj
                0x100062d4                usbd_control_reset
 .text.usbd_control_set_complete_callback
                0x100062e8        0xc CMakeFiles/DisplayC.dir/C_/Users/User/.pico-sdk/sdk/2.1.0/lib/tinyusb/src/device/usbd_control.c.obj
                0x100062e8                usbd_control_set_complete_callback
 .text.usbd_control_set_request
                0x100062f4       0x1c CMakeFiles/DisplayC.dir/C_/Users/User/.pico-sdk/sdk/2.1.0/lib/tinyusb/src/device/usbd_control.c.obj
                0x100062f4                usbd_control_set_request
 .text.usbd_control_xfer_cb
                0x10006310       0xec CMakeFiles/DisplayC.dir/C_/Users/User/.pico-sdk/sdk/2.1.0/lib/tinyusb/src/device/usbd_control.c.obj
                0x10006310                usbd_control_xfer_cb
 .text._prep_out_transaction.isra.0
                0x100063fc       0x5c CMakeFiles/DisplayC.dir/C_/Users/User/.pico-sdk/sdk/2.1.0/lib/tinyusb/src/class/cdc/cdc_device.c.obj
 .text.tud_cdc_n_connected
                0x10006458       0x30 CMakeFiles/DisplayC.dir/C_/Users/User/.pico-sdk/sdk/2.1.0/lib/tinyusb/src/class/cdc/cdc_device.c.obj
                0x10006458                tud_cdc_n_connected
 .text.tud_cdc_n_available
                0x10006488       0x18 CMakeFiles/DisplayC.dir/C_/Users/User/.pico-sdk/sdk/2.1.0/lib/tinyusb/src/class/cdc/cdc_device.c.obj
                0x10006488                tud_cdc_n_available
 .text.tud_cdc_n_read
                0x100064a0       0x98 CMakeFiles/DisplayC.dir/C_/Users/User/.pico-sdk/sdk/2.1.0/lib/tinyusb/src/class/cdc/cdc_device.c.obj
                0x100064a0                tud_cdc_n_read
 .text.tud_cdc_n_write_flush
                0x10006538       0x78 CMakeFiles/DisplayC.dir/C_/Users/User/.pico-sdk/sdk/2.1.0/lib/tinyusb/src/class/cdc/cdc_device.c.obj
                0x10006538                tud_cdc_n_write_flush
 .text.tud_cdc_n_write
                0x100065b0       0x40 CMakeFiles/DisplayC.dir/C_/Users/User/.pico-sdk/sdk/2.1.0/lib/tinyusb/src/class/cdc/cdc_device.c.obj
                0x100065b0                tud_cdc_n_write
 .text.tud_cdc_n_write_available
                0x100065f0       0x18 CMakeFiles/DisplayC.dir/C_/Users/User/.pico-sdk/sdk/2.1.0/lib/tinyusb/src/class/cdc/cdc_device.c.obj
                0x100065f0                tud_cdc_n_write_available
 .text.cdcd_init
                0x10006608       0x7c CMakeFiles/DisplayC.dir/C_/Users/User/.pico-sdk/sdk/2.1.0/lib/tinyusb/src/class/cdc/cdc_device.c.obj
                0x10006608                cdcd_init
 .text.cdcd_deinit
                0x10006684       0x34 CMakeFiles/DisplayC.dir/C_/Users/User/.pico-sdk/sdk/2.1.0/lib/tinyusb/src/class/cdc/cdc_device.c.obj
                0x10006684                cdcd_deinit
 .text.cdcd_reset
                0x100066b8       0x4c CMakeFiles/DisplayC.dir/C_/Users/User/.pico-sdk/sdk/2.1.0/lib/tinyusb/src/class/cdc/cdc_device.c.obj
                0x100066b8                cdcd_reset
 .text.cdcd_open
                0x10006704       0xb0 CMakeFiles/DisplayC.dir/C_/Users/User/.pico-sdk/sdk/2.1.0/lib/tinyusb/src/class/cdc/cdc_device.c.obj
                0x10006704                cdcd_open
 .text.cdcd_control_xfer_cb
                0x100067b4       0xe4 CMakeFiles/DisplayC.dir/C_/Users/User/.pico-sdk/sdk/2.1.0/lib/tinyusb/src/class/cdc/cdc_device.c.obj
                0x100067b4                cdcd_control_xfer_cb
 .text.cdcd_xfer_cb
                0x10006898      0x100 CMakeFiles/DisplayC.dir/C_/Users/User/.pico-sdk/sdk/2.1.0/lib/tinyusb/src/class/cdc/cdc_device.c.obj
                0x10006898                cdcd_xfer_cb
 .text.vendord_init
                0x10006998       0x5c CMakeFiles/DisplayC.dir/C_/Users/User/.pico-sdk/sdk/2.1.0/lib/tinyusb/src/class/vendor/vendor_device.c.obj
                0x10006998                vendord_init
 .text.vendord_deinit
                0x100069f4       0x1c CMakeFiles/DisplayC.dir/C_/Users/User/.pico-sdk/sdk/2.1.0/lib/tinyusb/src/class/vendor/vendor_device.c.obj
                0x100069f4                vendord_deinit
 .text.vendord_reset
                0x10006a10       0x20 CMakeFiles/DisplayC.dir/C_/Users/User/.pico-sdk/sdk/2.1.0/lib/tinyusb/src/class/vendor/vendor_device.c.obj
                0x10006a10                vendord_reset
 .text.vendord_open
                0x10006a30      0x138 CMakeFiles/DisplayC.dir/C_/Users/User/.pico-sdk/sdk/2.1.0/lib/tinyusb/src/class/vendor/vendor_device.c.obj
                0x10006a30                vendord_open
 .text.vendord_xfer_cb
                0x10006b68       0x9c CMakeFiles/DisplayC.dir/C_/Users/User/.pico-sdk/sdk/2.1.0/lib/tinyusb/src/class/vendor/vendor_device.c.obj
                0x10006b68                vendord_xfer_cb
 .text.tusb_init
                0x10006c04        0xc CMakeFiles/DisplayC.dir/C_/Users/User/.pico-sdk/sdk/2.1.0/lib/tinyusb/src/tusb.c.obj
                0x10006c04                tusb_init
 .text.tu_edpt_claim
                0x10006c10       0x50 CMakeFiles/DisplayC.dir/C_/Users/User/.pico-sdk/sdk/2.1.0/lib/tinyusb/src/tusb.c.obj
                0x10006c10                tu_edpt_claim
 .text.tu_edpt_release
                0x10006c60       0x38 CMakeFiles/DisplayC.dir/C_/Users/User/.pico-sdk/sdk/2.1.0/lib/tinyusb/src/tusb.c.obj
                0x10006c60                tu_edpt_release
 .text.tu_edpt_validate
                0x10006c98       0x7c CMakeFiles/DisplayC.dir/C_/Users/User/.pico-sdk/sdk/2.1.0/lib/tinyusb/src/tusb.c.obj
                0x10006c98                tu_edpt_validate
 .text.tu_edpt_bind_driver
                0x10006d14       0x34 CMakeFiles/DisplayC.dir/C_/Users/User/.pico-sdk/sdk/2.1.0/lib/tinyusb/src/tusb.c.obj
                0x10006d14                tu_edpt_bind_driver
 .text.tu_edpt_stream_init
                0x10006d48       0x6c CMakeFiles/DisplayC.dir/C_/Users/User/.pico-sdk/sdk/2.1.0/lib/tinyusb/src/tusb.c.obj
                0x10006d48                tu_edpt_stream_init
 .text.tu_edpt_stream_deinit
                0x10006db4        0x4 CMakeFiles/DisplayC.dir/C_/Users/User/.pico-sdk/sdk/2.1.0/lib/tinyusb/src/tusb.c.obj
                0x10006db4                tu_edpt_stream_deinit
 .text.tu_edpt_stream_write_zlp_if_needed
                0x10006db8       0x68 CMakeFiles/DisplayC.dir/C_/Users/User/.pico-sdk/sdk/2.1.0/lib/tinyusb/src/tusb.c.obj
                0x10006db8                tu_edpt_stream_write_zlp_if_needed
 .text.tu_edpt_stream_write_xfer
                0x10006e20       0x64 CMakeFiles/DisplayC.dir/C_/Users/User/.pico-sdk/sdk/2.1.0/lib/tinyusb/src/tusb.c.obj
                0x10006e20                tu_edpt_stream_write_xfer
 .text.tu_edpt_stream_read_xfer
                0x10006e84       0xdc CMakeFiles/DisplayC.dir/C_/Users/User/.pico-sdk/sdk/2.1.0/lib/tinyusb/src/tusb.c.obj
                0x10006e84                tu_edpt_stream_read_xfer
 .text.tu_fifo_config
                0x10006f60       0x6c CMakeFiles/DisplayC.dir/C_/Users/User/.pico-sdk/sdk/2.1.0/lib/tinyusb/src/common/tusb_fifo.c.obj
                0x10006f60                tu_fifo_config
 .text.tu_fifo_count
                0x10006fcc       0x2c CMakeFiles/DisplayC.dir/C_/Users/User/.pico-sdk/sdk/2.1.0/lib/tinyusb/src/common/tusb_fifo.c.obj
                0x10006fcc                tu_fifo_count
 .text.tu_fifo_empty
                0x10006ff8       0x10 CMakeFiles/DisplayC.dir/C_/Users/User/.pico-sdk/sdk/2.1.0/lib/tinyusb/src/common/tusb_fifo.c.obj
                0x10006ff8                tu_fifo_empty
 .text.tu_fifo_remaining
                0x10007008       0x2c CMakeFiles/DisplayC.dir/C_/Users/User/.pico-sdk/sdk/2.1.0/lib/tinyusb/src/common/tusb_fifo.c.obj
                0x10007008                tu_fifo_remaining
 .text.tu_fifo_read
                0x10007034       0x9c CMakeFiles/DisplayC.dir/C_/Users/User/.pico-sdk/sdk/2.1.0/lib/tinyusb/src/common/tusb_fifo.c.obj
                0x10007034                tu_fifo_read
 .text.tu_fifo_read_n
                0x100070d0       0xe8 CMakeFiles/DisplayC.dir/C_/Users/User/.pico-sdk/sdk/2.1.0/lib/tinyusb/src/common/tusb_fifo.c.obj
                0x100070d0                tu_fifo_read_n
 .text.tu_fifo_write
                0x100071b8       0xa8 CMakeFiles/DisplayC.dir/C_/Users/User/.pico-sdk/sdk/2.1.0/lib/tinyusb/src/common/tusb_fifo.c.obj
                0x100071b8                tu_fifo_write
 .text.tu_fifo_write_n
                0x10007260      0x178 CMakeFiles/DisplayC.dir/C_/Users/User/.pico-sdk/sdk/2.1.0/lib/tinyusb/src/common/tusb_fifo.c.obj
                0x10007260                tu_fifo_write_n
 .text.tu_fifo_clear
                0x100073d8       0x40 CMakeFiles/DisplayC.dir/C_/Users/User/.pico-sdk/sdk/2.1.0/lib/tinyusb/src/common/tusb_fifo.c.obj
                0x100073d8                tu_fifo_clear
 .text.tu_fifo_set_overwritable
                0x10007418       0x48 CMakeFiles/DisplayC.dir/C_/Users/User/.pico-sdk/sdk/2.1.0/lib/tinyusb/src/common/tusb_fifo.c.obj
                0x10007418                tu_fifo_set_overwritable
 .text.i2c_write_blocking_internal.constprop.0
                0x10007460       0xd0 CMakeFiles/DisplayC.dir/C_/Users/User/.pico-sdk/sdk/2.1.0/src/rp2_common/hardware_i2c/i2c.c.obj
 .text.i2c_set_baudrate
                0x10007530       0xc0 CMakeFiles/DisplayC.dir/C_/Users/User/.pico-sdk/sdk/2.1.0/src/rp2_common/hardware_i2c/i2c.c.obj
                0x10007530                i2c_set_baudrate
 .text.i2c_init
                0x100075f0       0x50 CMakeFiles/DisplayC.dir/C_/Users/User/.pico-sdk/sdk/2.1.0/src/rp2_common/hardware_i2c/i2c.c.obj
                0x100075f0                i2c_init
 .text.i2c_write_blocking
                0x10007640       0x14 CMakeFiles/DisplayC.dir/C_/Users/User/.pico-sdk/sdk/2.1.0/src/rp2_common/hardware_i2c/i2c.c.obj
                0x10007640                i2c_write_blocking
 .text.adc_init
                0x10007654       0x38 CMakeFiles/DisplayC.dir/C_/Users/User/.pico-sdk/sdk/2.1.0/src/rp2_common/hardware_adc/adc.c.obj
                0x10007654                adc_init
 .text.calloc   0x1000768c       0x18 C:/Users/User/.pico-sdk/toolchain/13_3_Rel1/bin/../lib/gcc/arm-none-eabi/13.3.1/thumb/v6-m/nofp\libg.a(libc_a-calloc.o)
                0x1000768c                calloc
 .text._calloc_r
                0x100076a4       0xa8 C:/Users/User/.pico-sdk/toolchain/13_3_Rel1/bin/../lib/gcc/arm-none-eabi/13.3.1/thumb/v6-m/nofp\libg.a(libc_a-callocr.o)
                0x100076a4                _calloc_r
 .text._malloc_r
                0x1000774c      0x5c4 C:/Users/User/.pico-sdk/toolchain/13_3_Rel1/bin/../lib/gcc/arm-none-eabi/13.3.1/thumb/v6-m/nofp\libg.a(libc_a-mallocr.o)
                0x1000774c                _malloc_r
 .text.__malloc_lock
                0x10007d10       0x10 C:/Users/User/.pico-sdk/toolchain/13_3_Rel1/bin/../lib/gcc/arm-none-eabi/13.3.1/thumb/v6-m/nofp\libg.a(libc_a-mlock.o)
                0x10007d10                __malloc_lock
 .text.__malloc_unlock
                0x10007d20       0x10 C:/Users/User/.pico-sdk/toolchain/13_3_Rel1/bin/../lib/gcc/arm-none-eabi/13.3.1/thumb/v6-m/nofp\libg.a(libc_a-mlock.o)
                0x10007d20                __malloc_unlock
 .text._sbrk_r  0x10007d30       0x24 C:/Users/User/.pico-sdk/toolchain/13_3_Rel1/bin/../lib/gcc/arm-none-eabi/13.3.1/thumb/v6-m/nofp\libg.a(libc_a-sbrkr.o)
                0x10007d30                _sbrk_r
 .text.__errno  0x10007d54        0xc C:/Users/User/.pico-sdk/toolchain/13_3_Rel1/bin/../lib/gcc/arm-none-eabi/13.3.1/thumb/v6-m/nofp\libg.a(libc_a-errno.o)
                0x10007d54                __errno
 .text.__retarget_lock_acquire_recursive
                0x10007d60        0x4 C:/Users/User/.pico-sdk/toolchain/13_3_Rel1/bin/../lib/gcc/arm-none-eabi/13.3.1/thumb/v6-m/nofp\libg.a(libc_a-lock.o)
                0x10007d60                __retarget_lock_acquire_recursive
 .text.__retarget_lock_release_recursive
                0x10007d64        0x4 C:/Users/User/.pico-sdk/toolchain/13_3_Rel1/bin/../lib/gcc/arm-none-eabi/13.3.1/thumb/v6-m/nofp\libg.a(libc_a-lock.o)
                0x10007d64                __retarget_lock_release_recursive
 .text.sysconf  0x10007d68       0x1c C:/Users/User/.pico-sdk/toolchain/13_3_Rel1/bin/../lib/gcc/arm-none-eabi/13.3.1/thumb/v6-m/nofp\libg.a(libc_a-sysconf.o)
                0x10007d68                sysconf
 .text.strlen   0x10007d84       0x5c C:/Users/User/.pico-sdk/toolchain/13_3_Rel1/bin/../lib/gcc/arm-none-eabi/13.3.1/thumb/v6-m/nofp\libg.a(libc_a-strlen-stub.o)
                0x10007d84                strlen
 .text._malloc_trim_r
                0x10007de0       0xb4 C:/Users/User/.pico-sdk/toolchain/13_3_Rel1/bin/../lib/gcc/arm-none-eabi/13.3.1/thumb/v6-m/nofp\libg.a(libc_a-freer.o)
                0x10007de0                _malloc_trim_r
 .text._free_r  0x10007e94      0x1d4 C:/Users/User/.pico-sdk/toolchain/13_3_Rel1/bin/../lib/gcc/arm-none-eabi/13.3.1/thumb/v6-m/nofp\libg.a(libc_a-freer.o)
                0x10007e94                _free_r
 *(.fini)
 .fini          0x10008068        0x4 C:/Users/User/.pico-sdk/toolchain/13_3_Rel1/bin/../lib/gcc/arm-none-eabi/13.3.1/thumb/v6-m/nofp/crti.o
                0x10008068                _fini
 *fill*         0x1000806c        0x4 
 .fini.__stub   0x10008070       0xc0 linker stubs
 *crtbegin.o(.ctors)
 *crtbegin?.o(.ctors)
 *(EXCLUDE_FILE(*crtend.o *crtend?.o) .ctors)
 *(SORT_BY_NAME(.ctors.*))
 *(.ctors)
 *crtbegin.o(.dtors)
 *crtbegin?.o(.dtors)
 *(EXCLUDE_FILE(*crtend.o *crtend?.o) .dtors)
 *(SORT_BY_NAME(.dtors.*))
 *(.dtors)
                0x10008130                        . = ALIGN (0x4)
                0x10008130                        PROVIDE (__preinit_array_start = .)
 *(SORT_BY_NAME(.preinit_array.*))
 .preinit_array.00100
                0x10008130        0x4 CMakeFiles/DisplayC.dir/C_/Users/User/.pico-sdk/sdk/2.1.0/src/rp2_common/pico_runtime_init/runtime_init.c.obj
                0x10008130                __pre_init_runtime_init_early_resets
 .preinit_array.00101
                0x10008134        0x4 CMakeFiles/DisplayC.dir/C_/Users/User/.pico-sdk/sdk/2.1.0/src/rp2_common/pico_runtime_init/runtime_init.c.obj
                0x10008134                __pre_init_runtime_init_usb_power_down
 .preinit_array.00275
                0x10008138        0x4 CMakeFiles/DisplayC.dir/C_/Users/User/.pico-sdk/sdk/2.1.0/src/rp2_common/pico_bit_ops/bit_ops_aeabi.S.obj
 .preinit_array.00300
                0x1000813c        0x4 CMakeFiles/DisplayC.dir/C_/Users/User/.pico-sdk/sdk/2.1.0/src/rp2_common/pico_mem_ops/mem_ops_aeabi.S.obj
 .preinit_array.00350
                0x10008140        0x4 CMakeFiles/DisplayC.dir/C_/Users/User/.pico-sdk/sdk/2.1.0/src/rp2_common/pico_double/double_aeabi_rp2040.S.obj
 .preinit_array.00350
                0x10008144        0x4 CMakeFiles/DisplayC.dir/C_/Users/User/.pico-sdk/sdk/2.1.0/src/rp2_common/pico_float/float_aeabi_rp2040.S.obj
 .preinit_array.00500
                0x10008148        0x4 CMakeFiles/DisplayC.dir/C_/Users/User/.pico-sdk/sdk/2.1.0/src/rp2_common/pico_runtime_init/runtime_init.c.obj
                0x10008148                __pre_init_runtime_init_clocks
 .preinit_array.00600
                0x1000814c        0x4 CMakeFiles/DisplayC.dir/C_/Users/User/.pico-sdk/sdk/2.1.0/src/rp2_common/pico_runtime_init/runtime_init.c.obj
                0x1000814c                __pre_init_runtime_init_post_clock_resets
 .preinit_array.00700
                0x10008150        0x4 CMakeFiles/DisplayC.dir/C_/Users/User/.pico-sdk/sdk/2.1.0/src/rp2_common/pico_runtime_init/runtime_init.c.obj
                0x10008150                __pre_init_runtime_init_rp2040_gpio_ie_disable
 .preinit_array.01000
                0x10008154        0x4 CMakeFiles/DisplayC.dir/C_/Users/User/.pico-sdk/sdk/2.1.0/src/rp2_common/pico_runtime_init/runtime_init.c.obj
                0x10008154                __pre_init_runtime_init_spin_locks_reset
 .preinit_array.01100
                0x10008158        0x4 CMakeFiles/DisplayC.dir/C_/Users/User/.pico-sdk/sdk/2.1.0/src/common/pico_sync/mutex.c.obj
                0x10008158                __pre_init_runtime_init_mutex
 .preinit_array.10080
                0x1000815c        0x4 CMakeFiles/DisplayC.dir/C_/Users/User/.pico-sdk/sdk/2.1.0/src/rp2_common/pico_runtime_init/runtime_init.c.obj
                0x1000815c                __pre_init_runtime_init_install_ram_vector_table
 .preinit_array.11000
                0x10008160        0x4 CMakeFiles/DisplayC.dir/C_/Users/User/.pico-sdk/sdk/2.1.0/src/common/pico_time/time.c.obj
                0x10008160                __pre_init_runtime_init_default_alarm_pool
 .preinit_array.YYYYY
                0x10008164        0x4 CMakeFiles/DisplayC.dir/C_/Users/User/.pico-sdk/sdk/2.1.0/src/rp2_common/pico_runtime/runtime.c.obj
                0x10008164                __pre_init_first_per_core_initializer
 .preinit_array.ZZZZZ.01200
                0x10008168        0x4 CMakeFiles/DisplayC.dir/C_/Users/User/.pico-sdk/sdk/2.1.0/src/rp2_common/hardware_irq/irq.c.obj
                0x10008168                __pre_init_runtime_init_per_core_irq_priorities
 *(.preinit_array)
                0x1000816c                        PROVIDE (__preinit_array_end = .)
                0x1000816c                        . = ALIGN (0x4)
                0x1000816c                        PROVIDE (__init_array_start = .)
 *(SORT_BY_NAME(.init_array.*))
 *(.init_array)
 .init_array    0x1000816c        0x4 C:/Users/User/.pico-sdk/toolchain/13_3_Rel1/bin/../lib/gcc/arm-none-eabi/13.3.1/thumb/v6-m/nofp/crtbegin.o
 .init_array    0x10008170        0x4 CMakeFiles/DisplayC.dir/C_/Users/User/.pico-sdk/sdk/2.1.0/src/rp2_common/pico_unique_id/unique_id.c.obj
                0x10008174                        PROVIDE (__init_array_end = .)
                0x10008174                        . = ALIGN (0x4)
                [!provide]                        PROVIDE (__fini_array_start = .)
 *(SORT_BY_NAME(.fini_array.*))
 *(.fini_array)
                [!provide]                        PROVIDE (__fini_array_end = .)
 *(.eh_frame*)
 .eh_frame      0x10008174        0x0 C:/Users/User/.pico-sdk/toolchain/13_3_Rel1/bin/../lib/gcc/arm-none-eabi/13.3.1/thumb/v6-m/nofp/crtbegin.o
                0x10008174                        . = ALIGN (0x4)

.glue_7         0x10008174        0x0
 .glue_7        0x10008174        0x0 linker stubs

.glue_7t        0x10008174        0x0
 .glue_7t       0x10008174        0x0 linker stubs

.vfp11_veneer   0x10008174        0x0
 .vfp11_veneer  0x10008174        0x0 linker stubs

.v4_bx          0x10008174        0x0
 .v4_bx         0x10008174        0x0 linker stubs

.iplt           0x10008174        0x0
 .iplt          0x10008174        0x0 C:/Users/User/.pico-sdk/toolchain/13_3_Rel1/bin/../lib/gcc/arm-none-eabi/13.3.1/thumb/v6-m/nofp/crtbegin.o

.rodata         0x10008178      0x874
 *(EXCLUDE_FILE(*libm.a: *libc.a:*lib_a-mem*.o *libgcc.a:) .rodata*)
 .rodata.main.str1.4
                0x10008178      0x1cc CMakeFiles/DisplayC.dir/DisplayC.c.obj
                                 0x48 (size before relaxing)
 .rodata.font   0x10008344      0x1f8 CMakeFiles/DisplayC.dir/inc/ssd1306.c.obj
 .rodata.panic.str1.4
                0x1000853c       0x12 CMakeFiles/DisplayC.dir/C_/Users/User/.pico-sdk/sdk/2.1.0/src/rp2_common/pico_platform_panic/panic.c.obj
 .rodata.spin_lock_claim_unused.str1.4
                0x1000853c       0x1b CMakeFiles/DisplayC.dir/C_/Users/User/.pico-sdk/sdk/2.1.0/src/rp2_common/hardware_sync/sync.c.obj
 .rodata.user_irq_claim_unused.str1.4
                0x1000853c       0x1b CMakeFiles/DisplayC.dir/C_/Users/User/.pico-sdk/sdk/2.1.0/src/rp2_common/hardware_irq/irq.c.obj
 .rodata.timer_hardware_alarm_claim.str1.4
                0x1000853c       0x22 CMakeFiles/DisplayC.dir/C_/Users/User/.pico-sdk/sdk/2.1.0/src/rp2_common/hardware_timer/timer.c.obj
 .rodata.hard_assertion_failure.str1.4
                0x1000853c        0xc CMakeFiles/DisplayC.dir/C_/Users/User/.pico-sdk/sdk/2.1.0/src/rp2_common/pico_runtime/runtime.c.obj
 .rodata.__wrap_malloc.str1.4
                0x1000853c        0xe CMakeFiles/DisplayC.dir/C_/Users/User/.pico-sdk/sdk/2.1.0/src/rp2_common/pico_malloc/malloc.c.obj
 .rodata.str1.4
                0x1000853c       0x44 CMakeFiles/DisplayC.dir/C_/Users/User/.pico-sdk/sdk/2.1.0/src/rp2_common/pico_standard_binary_info/standard_binary_info.c.obj
 .rodata.__bi_84
                0x1000853c        0xc CMakeFiles/DisplayC.dir/C_/Users/User/.pico-sdk/sdk/2.1.0/src/rp2_common/pico_standard_binary_info/standard_binary_info.c.obj
 .rodata.__bi_78
                0x10008548        0xc CMakeFiles/DisplayC.dir/C_/Users/User/.pico-sdk/sdk/2.1.0/src/rp2_common/pico_standard_binary_info/standard_binary_info.c.obj
 .rodata.__bi_60
                0x10008554        0xc CMakeFiles/DisplayC.dir/C_/Users/User/.pico-sdk/sdk/2.1.0/src/rp2_common/pico_standard_binary_info/standard_binary_info.c.obj
 .rodata.__bi_54
                0x10008560        0xc CMakeFiles/DisplayC.dir/C_/Users/User/.pico-sdk/sdk/2.1.0/src/rp2_common/pico_standard_binary_info/standard_binary_info.c.obj
 .rodata.__bi_48
                0x1000856c        0xc CMakeFiles/DisplayC.dir/C_/Users/User/.pico-sdk/sdk/2.1.0/src/rp2_common/pico_standard_binary_info/standard_binary_info.c.obj
 .rodata.__bi_42
                0x10008578        0xc CMakeFiles/DisplayC.dir/C_/Users/User/.pico-sdk/sdk/2.1.0/src/rp2_common/pico_standard_binary_info/standard_binary_info.c.obj
 .rodata.__bi_34
                0x10008584        0xc CMakeFiles/DisplayC.dir/C_/Users/User/.pico-sdk/sdk/2.1.0/src/rp2_common/pico_standard_binary_info/standard_binary_info.c.obj
 .rodata.__bi_26
                0x10008590        0xc CMakeFiles/DisplayC.dir/C_/Users/User/.pico-sdk/sdk/2.1.0/src/rp2_common/pico_standard_binary_info/standard_binary_info.c.obj
 .rodata._ftoa.str1.4
                0x1000859c       0x15 CMakeFiles/DisplayC.dir/C_/Users/User/.pico-sdk/sdk/2.1.0/src/rp2_common/pico_printf/printf.c.obj
 .rodata._vsnprintf
                0x1000859c      0x19c CMakeFiles/DisplayC.dir/C_/Users/User/.pico-sdk/sdk/2.1.0/src/rp2_common/pico_printf/printf.c.obj
 .rodata.pow10.0
                0x10008738       0x50 CMakeFiles/DisplayC.dir/C_/Users/User/.pico-sdk/sdk/2.1.0/src/rp2_common/pico_printf/printf.c.obj
 .rodata.crlf_str.0
                0x10008788        0x2 CMakeFiles/DisplayC.dir/C_/Users/User/.pico-sdk/sdk/2.1.0/src/rp2_common/pico_stdio/stdio.c.obj
 *fill*         0x1000878a        0x2 
 .rodata._resetd_driver
                0x1000878c       0x20 CMakeFiles/DisplayC.dir/C_/Users/User/.pico-sdk/sdk/2.1.0/src/rp2_common/pico_stdio_usb/reset_interface.c.obj
 .rodata.desc_ms_os_20
                0x100087ac       0xa6 CMakeFiles/DisplayC.dir/C_/Users/User/.pico-sdk/sdk/2.1.0/src/rp2_common/pico_stdio_usb/reset_interface.c.obj
 *fill*         0x10008852        0x2 
 .rodata.desc_bos
                0x10008854       0x21 CMakeFiles/DisplayC.dir/C_/Users/User/.pico-sdk/sdk/2.1.0/src/rp2_common/pico_stdio_usb/reset_interface.c.obj
                0x10008854                desc_bos
 .rodata.str1.4
                0x10008875       0x13 CMakeFiles/DisplayC.dir/C_/Users/User/.pico-sdk/sdk/2.1.0/src/rp2_common/pico_stdio_usb/stdio_usb.c.obj
 *fill*         0x10008875        0x3 
 .rodata.__bi_197.0
                0x10008878        0xc CMakeFiles/DisplayC.dir/C_/Users/User/.pico-sdk/sdk/2.1.0/src/rp2_common/pico_stdio_usb/stdio_usb.c.obj
 .rodata.str1.4
                0x10008884       0x2a CMakeFiles/DisplayC.dir/C_/Users/User/.pico-sdk/sdk/2.1.0/src/rp2_common/pico_stdio_usb/stdio_usb_descriptors.c.obj
 .rodata.usbd_desc_str
                0x10008884       0x18 CMakeFiles/DisplayC.dir/C_/Users/User/.pico-sdk/sdk/2.1.0/src/rp2_common/pico_stdio_usb/stdio_usb_descriptors.c.obj
 .rodata.usbd_desc_cfg
                0x1000889c       0x54 CMakeFiles/DisplayC.dir/C_/Users/User/.pico-sdk/sdk/2.1.0/src/rp2_common/pico_stdio_usb/stdio_usb_descriptors.c.obj
 .rodata.usbd_desc_device
                0x100088f0       0x12 CMakeFiles/DisplayC.dir/C_/Users/User/.pico-sdk/sdk/2.1.0/src/rp2_common/pico_stdio_usb/stdio_usb_descriptors.c.obj
 .rodata.str1.4
                0x10008902       0x14 CMakeFiles/DisplayC.dir/C_/Users/User/.pico-sdk/sdk/2.1.0/lib/tinyusb/src/portable/raspberrypi/rp2040/dcd_rp2040.c.obj
 .rodata.str1.4
                0x10008902       0x48 CMakeFiles/DisplayC.dir/C_/Users/User/.pico-sdk/sdk/2.1.0/lib/tinyusb/src/portable/raspberrypi/rp2040/rp2040_usb.c.obj
 *fill*         0x10008902        0x2 
 .rodata.tud_task_ext
                0x10008904       0x8c CMakeFiles/DisplayC.dir/C_/Users/User/.pico-sdk/sdk/2.1.0/lib/tinyusb/src/device/usbd.c.obj
 .rodata        0x10008990       0x1c CMakeFiles/DisplayC.dir/C_/Users/User/.pico-sdk/sdk/2.1.0/lib/tinyusb/src/device/usbd.c.obj
 .rodata._usbd_driver
                0x100089ac       0x40 CMakeFiles/DisplayC.dir/C_/Users/User/.pico-sdk/sdk/2.1.0/lib/tinyusb/src/device/usbd.c.obj
                0x100089ec                        . = ALIGN (0x4)
 *(SORT_BY_ALIGNMENT(SORT_BY_NAME(.flashdata*)))
                0x100089ec                        . = ALIGN (0x4)

.ARM.extab
 *(.ARM.extab* .gnu.linkonce.armextab.*)
                0x100089ec                        __exidx_start = .

.ARM.exidx
 *(.ARM.exidx* .gnu.linkonce.armexidx.*)
                0x100089ec                        __exidx_end = .
                0x100089ec                        . = ALIGN (0x4)
                0x100089ec                        __binary_info_start = .

.binary_info    0x100089ec       0x24
 *(.binary_info.keep.*)
 .binary_info.keep.__bi_ptr84
                0x100089ec        0x4 CMakeFiles/DisplayC.dir/C_/Users/User/.pico-sdk/sdk/2.1.0/src/rp2_common/pico_standard_binary_info/standard_binary_info.c.obj
 .binary_info.keep.__bi_ptr78
                0x100089f0        0x4 CMakeFiles/DisplayC.dir/C_/Users/User/.pico-sdk/sdk/2.1.0/src/rp2_common/pico_standard_binary_info/standard_binary_info.c.obj
 .binary_info.keep.__bi_ptr60
                0x100089f4        0x4 CMakeFiles/DisplayC.dir/C_/Users/User/.pico-sdk/sdk/2.1.0/src/rp2_common/pico_standard_binary_info/standard_binary_info.c.obj
 .binary_info.keep.__bi_ptr54
                0x100089f8        0x4 CMakeFiles/DisplayC.dir/C_/Users/User/.pico-sdk/sdk/2.1.0/src/rp2_common/pico_standard_binary_info/standard_binary_info.c.obj
 .binary_info.keep.__bi_ptr48
                0x100089fc        0x4 CMakeFiles/DisplayC.dir/C_/Users/User/.pico-sdk/sdk/2.1.0/src/rp2_common/pico_standard_binary_info/standard_binary_info.c.obj
 .binary_info.keep.__bi_ptr42
                0x10008a00        0x4 CMakeFiles/DisplayC.dir/C_/Users/User/.pico-sdk/sdk/2.1.0/src/rp2_common/pico_standard_binary_info/standard_binary_info.c.obj
 .binary_info.keep.__bi_ptr34
                0x10008a04        0x4 CMakeFiles/DisplayC.dir/C_/Users/User/.pico-sdk/sdk/2.1.0/src/rp2_common/pico_standard_binary_info/standard_binary_info.c.obj
 .binary_info.keep.__bi_ptr26
                0x10008a08        0x4 CMakeFiles/DisplayC.dir/C_/Users/User/.pico-sdk/sdk/2.1.0/src/rp2_common/pico_standard_binary_info/standard_binary_info.c.obj
 *(.binary_info.*)
 .binary_info.__bi_ptr197
                0x10008a0c        0x4 CMakeFiles/DisplayC.dir/C_/Users/User/.pico-sdk/sdk/2.1.0/src/rp2_common/pico_stdio_usb/stdio_usb.c.obj
                0x10008a10                        __binary_info_end = .

.rel.dyn        0x10008a10        0x0
 .rel.iplt      0x10008a10        0x0 C:/Users/User/.pico-sdk/toolchain/13_3_Rel1/bin/../lib/gcc/arm-none-eabi/13.3.1/thumb/v6-m/nofp/crtbegin.o
                0x10008a10                        . = ALIGN (0x4)

.ram_vector_table
                0x20000000       0xc0
 *(.ram_vector_table)
 .ram_vector_table
                0x20000000       0xc0 CMakeFiles/DisplayC.dir/C_/Users/User/.pico-sdk/sdk/2.1.0/src/rp2_common/pico_runtime_init/runtime_init.c.obj
                0x20000000                ram_vector_table

.uninitialized_data
                0x200000c0        0x0
                0x200000c0                        . = ALIGN (0x4)
 *(.uninitialized_data*)

.data           0x200000c0     0x1508 load address 0x10008a10
                0x200000c0                        __data_start__ = .
 *(vtable)
 *(.time_critical*)
 .time_critical.mutex_try_enter
                0x200000c0       0x40 CMakeFiles/DisplayC.dir/C_/Users/User/.pico-sdk/sdk/2.1.0/src/common/pico_sync/mutex.c.obj
                0x200000c0                mutex_try_enter
 .time_critical.mutex_try_enter_block_until
                0x20000100       0x9c CMakeFiles/DisplayC.dir/C_/Users/User/.pico-sdk/sdk/2.1.0/src/common/pico_sync/mutex.c.obj
                0x20000100                mutex_try_enter_block_until
 .time_critical.mutex_enter_timeout_ms
                0x2000019c       0x90 CMakeFiles/DisplayC.dir/C_/Users/User/.pico-sdk/sdk/2.1.0/src/common/pico_sync/mutex.c.obj
                0x2000019c                mutex_enter_timeout_ms
 .time_critical.mutex_exit
                0x2000022c       0x28 CMakeFiles/DisplayC.dir/C_/Users/User/.pico-sdk/sdk/2.1.0/src/common/pico_sync/mutex.c.obj
                0x2000022c                mutex_exit
 .time_critical.flash_init_boot2_copyout
                0x20000254       0x30 CMakeFiles/DisplayC.dir/C_/Users/User/.pico-sdk/sdk/2.1.0/src/rp2_common/hardware_flash/flash.c.obj
 .time_critical.flash_enable_xip_via_boot2
                0x20000284        0xc CMakeFiles/DisplayC.dir/C_/Users/User/.pico-sdk/sdk/2.1.0/src/rp2_common/hardware_flash/flash.c.obj
 .time_critical.flash_cs_force
                0x20000290       0x38 CMakeFiles/DisplayC.dir/C_/Users/User/.pico-sdk/sdk/2.1.0/src/rp2_common/hardware_flash/flash.c.obj
 .time_critical.flash_do_cmd
                0x200002c8       0xc0 CMakeFiles/DisplayC.dir/C_/Users/User/.pico-sdk/sdk/2.1.0/src/rp2_common/hardware_flash/flash.c.obj
                0x200002c8                flash_do_cmd
 .time_critical.reset_non_control_endpoints
                0x20000388       0x68 CMakeFiles/DisplayC.dir/C_/Users/User/.pico-sdk/sdk/2.1.0/lib/tinyusb/src/portable/raspberrypi/rp2040/dcd_rp2040.c.obj
 .time_critical.hw_handle_buff_status
                0x200003f0       0xb0 CMakeFiles/DisplayC.dir/C_/Users/User/.pico-sdk/sdk/2.1.0/lib/tinyusb/src/portable/raspberrypi/rp2040/dcd_rp2040.c.obj
 .time_critical.dcd_rp2040_irq
                0x200004a0      0x578 CMakeFiles/DisplayC.dir/C_/Users/User/.pico-sdk/sdk/2.1.0/lib/tinyusb/src/portable/raspberrypi/rp2040/dcd_rp2040.c.obj
 .time_critical.prepare_ep_buffer
                0x20000a18       0xe0 CMakeFiles/DisplayC.dir/C_/Users/User/.pico-sdk/sdk/2.1.0/lib/tinyusb/src/portable/raspberrypi/rp2040/rp2040_usb.c.obj
 .time_critical.sync_ep_buffer
                0x20000af8       0xa8 CMakeFiles/DisplayC.dir/C_/Users/User/.pico-sdk/sdk/2.1.0/lib/tinyusb/src/portable/raspberrypi/rp2040/rp2040_usb.c.obj
 .time_critical._hw_endpoint_xfer_sync
                0x20000ba0       0x28 CMakeFiles/DisplayC.dir/C_/Users/User/.pico-sdk/sdk/2.1.0/lib/tinyusb/src/portable/raspberrypi/rp2040/rp2040_usb.c.obj
 .time_critical.e15_is_bulkin_ep
                0x20000bc8       0x28 CMakeFiles/DisplayC.dir/C_/Users/User/.pico-sdk/sdk/2.1.0/lib/tinyusb/src/portable/raspberrypi/rp2040/rp2040_usb.c.obj
 .time_critical.e15_is_critical_frame_period
                0x20000bf0       0x34 CMakeFiles/DisplayC.dir/C_/Users/User/.pico-sdk/sdk/2.1.0/lib/tinyusb/src/portable/raspberrypi/rp2040/rp2040_usb.c.obj
 .time_critical.hw_endpoint_reset_transfer
                0x20000c24        0xc CMakeFiles/DisplayC.dir/C_/Users/User/.pico-sdk/sdk/2.1.0/lib/tinyusb/src/portable/raspberrypi/rp2040/rp2040_usb.c.obj
                0x20000c24                hw_endpoint_reset_transfer
 .time_critical._hw_endpoint_buffer_control_update32
                0x20000c30       0x50 CMakeFiles/DisplayC.dir/C_/Users/User/.pico-sdk/sdk/2.1.0/lib/tinyusb/src/portable/raspberrypi/rp2040/rp2040_usb.c.obj
                0x20000c30                _hw_endpoint_buffer_control_update32
 .time_critical.hw_endpoint_start_next_buffer
                0x20000c80       0x6c CMakeFiles/DisplayC.dir/C_/Users/User/.pico-sdk/sdk/2.1.0/lib/tinyusb/src/portable/raspberrypi/rp2040/rp2040_usb.c.obj
                0x20000c80                hw_endpoint_start_next_buffer
 .time_critical.hw_endpoint_xfer_continue
                0x20000cec       0x40 CMakeFiles/DisplayC.dir/C_/Users/User/.pico-sdk/sdk/2.1.0/lib/tinyusb/src/portable/raspberrypi/rp2040/rp2040_usb.c.obj
                0x20000cec                hw_endpoint_xfer_continue
 .time_critical.tinyusb
                0x20000d2c      0x1e4 CMakeFiles/DisplayC.dir/C_/Users/User/.pico-sdk/sdk/2.1.0/lib/tinyusb/src/device/usbd.c.obj
                0x20000d2c                dcd_event_handler
 *(.text*)
 .text          0x20000f10        0x4 C:/Users/User/.pico-sdk/toolchain/13_3_Rel1/bin/../lib/gcc/arm-none-eabi/13.3.1/thumb/v6-m/nofp\libgcc.a(_dvmd_tls.o)
                0x20000f10                __aeabi_idiv0
                0x20000f10                __aeabi_ldiv0
 *fill*         0x20000f14        0x4 
 .text.__stub   0x20000f18       0x80 linker stubs
                0x20000f98                        . = ALIGN (0x4)
 *(.rodata*)
                0x20000f98                        . = ALIGN (0x4)
 *(.data*)
 .data.striped_spin_lock_num
                0x20000f98        0x1 CMakeFiles/DisplayC.dir/C_/Users/User/.pico-sdk/sdk/2.1.0/src/rp2_common/hardware_sync/sync.c.obj
 *fill*         0x20000f99        0x3 
 .data          0x20000f9c       0x48 CMakeFiles/DisplayC.dir/C_/Users/User/.pico-sdk/sdk/2.1.0/src/rp2_common/hardware_irq/irq_handler_chain.S.obj
                0x20000f9c                irq_handler_chain_slots
                0x20000fcc                irq_handler_chain_first_slot
                0x20000fd6                irq_handler_chain_remove_tail
 .data.default_alarm_pool
                0x20000fe4       0x18 CMakeFiles/DisplayC.dir/C_/Users/User/.pico-sdk/sdk/2.1.0/src/common/pico_time/time.c.obj
 *fill*         0x20000ffc        0x4 
 .data.aeabi_bits_funcs
                0x20001000       0x10 CMakeFiles/DisplayC.dir/C_/Users/User/.pico-sdk/sdk/2.1.0/src/rp2_common/pico_bit_ops/bit_ops_aeabi.S.obj
                0x20001000                aeabi_bits_funcs
                0x20001010                aeabi_bits_funcs_end
 .data.aeabi_mem_funcs
                0x20001010       0x10 CMakeFiles/DisplayC.dir/C_/Users/User/.pico-sdk/sdk/2.1.0/src/rp2_common/pico_mem_ops/mem_ops_aeabi.S.obj
                0x20001010                aeabi_mem_funcs
                0x20001020                aeabi_mem_funcs_end
 .data.stdio_usb
                0x20001020       0x18 CMakeFiles/DisplayC.dir/C_/Users/User/.pico-sdk/sdk/2.1.0/src/rp2_common/pico_stdio_usb/stdio_usb.c.obj
                0x20001020                stdio_usb
 .data._usbd_qdef
                0x20001038       0x1c CMakeFiles/DisplayC.dir/C_/Users/User/.pico-sdk/sdk/2.1.0/lib/tinyusb/src/device/usbd.c.obj
                0x20001038                _usbd_qdef
 .data._usbd_rhport
                0x20001054        0x1 CMakeFiles/DisplayC.dir/C_/Users/User/.pico-sdk/sdk/2.1.0/lib/tinyusb/src/device/usbd.c.obj
 *fill*         0x20001055        0x3 
 .data.i2c1_inst
                0x20001058        0x8 CMakeFiles/DisplayC.dir/C_/Users/User/.pico-sdk/sdk/2.1.0/src/rp2_common/hardware_i2c/i2c.c.obj
                0x20001058                i2c1_inst
 .data.i2c0_inst
                0x20001060        0x8 CMakeFiles/DisplayC.dir/C_/Users/User/.pico-sdk/sdk/2.1.0/src/rp2_common/hardware_i2c/i2c.c.obj
                0x20001060                i2c0_inst
 .data.__malloc_sbrk_base
                0x20001068        0x4 C:/Users/User/.pico-sdk/toolchain/13_3_Rel1/bin/../lib/gcc/arm-none-eabi/13.3.1/thumb/v6-m/nofp\libg.a(libc_a-mallocr.o)
                0x20001068                __malloc_sbrk_base
 .data.__malloc_trim_threshold
                0x2000106c        0x4 C:/Users/User/.pico-sdk/toolchain/13_3_Rel1/bin/../lib/gcc/arm-none-eabi/13.3.1/thumb/v6-m/nofp\libg.a(libc_a-mallocr.o)
                0x2000106c                __malloc_trim_threshold
 .data.__malloc_av_
                0x20001070      0x408 C:/Users/User/.pico-sdk/toolchain/13_3_Rel1/bin/../lib/gcc/arm-none-eabi/13.3.1/thumb/v6-m/nofp\libg.a(libc_a-mallocr.o)
                0x20001070                __malloc_av_
 .data._impure_ptr
                0x20001478        0x4 C:/Users/User/.pico-sdk/toolchain/13_3_Rel1/bin/../lib/gcc/arm-none-eabi/13.3.1/thumb/v6-m/nofp\libg.a(libc_a-impure.o)
                0x20001478                _impure_ptr
 *fill*         0x2000147c        0x4 
 .data._impure_data
                0x20001480      0x140 C:/Users/User/.pico-sdk/toolchain/13_3_Rel1/bin/../lib/gcc/arm-none-eabi/13.3.1/thumb/v6-m/nofp\libg.a(libc_a-impure.o)
                0x20001480                _impure_data
                0x200015c0                        . = ALIGN (0x4)
 *(.after_data.*)
                0x200015c0                        . = ALIGN (0x4)
                0x200015c0                        PROVIDE (__mutex_array_start = .)
 *(SORT_BY_NAME(.mutex_array.*))
 *(.mutex_array)
 .mutex_array   0x200015c0        0x8 CMakeFiles/DisplayC.dir/C_/Users/User/.pico-sdk/sdk/2.1.0/src/rp2_common/pico_stdio/stdio.c.obj
                0x200015c8                        PROVIDE (__mutex_array_end = .)
                0x200015c8                        . = ALIGN (0x4)
 *(.jcr)
                0x200015c8                        . = ALIGN (0x4)

.tm_clone_table
                0x200015c8        0x0 load address 0x10009f18
 .tm_clone_table
                0x200015c8        0x0 C:/Users/User/.pico-sdk/toolchain/13_3_Rel1/bin/../lib/gcc/arm-none-eabi/13.3.1/thumb/v6-m/nofp/crtbegin.o
 .tm_clone_table
                0x200015c8        0x0 C:/Users/User/.pico-sdk/toolchain/13_3_Rel1/bin/../lib/gcc/arm-none-eabi/13.3.1/thumb/v6-m/nofp/crtend.o

.igot.plt       0x200015c8        0x0 load address 0x10009f18
 .igot.plt      0x200015c8        0x0 C:/Users/User/.pico-sdk/toolchain/13_3_Rel1/bin/../lib/gcc/arm-none-eabi/13.3.1/thumb/v6-m/nofp/crtbegin.o

.tdata          0x200015c8        0x0 load address 0x10009f18
                0x200015c8                        . = ALIGN (0x4)
 *(.tdata .tdata.* .gnu.linkonce.td.*)
                0x200015c8                        __tdata_end = .
                0x200015c8                        PROVIDE (__data_end__ = .)
                0x10008a10                        __etext = LOADADDR (.data)

.tbss           0x200015c8        0x0 load address 0x10009f18
                0x200015c8                        . = ALIGN (0x4)
                0x200015c8                        __bss_start__ = .
                0x200015c8                        __tls_base = .
 *(.tbss .tbss.* .gnu.linkonce.tb.*)
 *(.tcommon)
                0x200015c8                        __tls_end = .

.bss            0x200015c8     0x1208 load address 0x10009f18
                0x200015c8                        . = ALIGN (0x4)
                0x200015c8                        __tbss_end = .
 *(SORT_BY_ALIGNMENT(SORT_BY_NAME(.bss*)))
 .bss.default_alarm_pool_entries
                0x200015c8      0x180 CMakeFiles/DisplayC.dir/C_/Users/User/.pico-sdk/sdk/2.1.0/src/common/pico_time/time.c.obj
 .bss.last_avail_time.1
                0x20001748        0x8 CMakeFiles/DisplayC.dir/C_/Users/User/.pico-sdk/sdk/2.1.0/src/rp2_common/pico_stdio_usb/stdio_usb.c.obj
 .bss.sd_table  0x20001750      0x100 CMakeFiles/DisplayC.dir/C_/Users/User/.pico-sdk/sdk/2.1.0/src/rp2_common/pico_double/double_init_rom_rp2040.c.obj
                0x20001750                sd_table
 .bss.sf_table  0x20001850      0x100 CMakeFiles/DisplayC.dir/C_/Users/User/.pico-sdk/sdk/2.1.0/src/rp2_common/pico_float/float_init_rom_rp2040.c.obj
                0x20001850                sf_table
 .bss.__lock___malloc_recursive_mutex
                0x20001950        0x1 C:/Users/User/.pico-sdk/toolchain/13_3_Rel1/bin/../lib/gcc/arm-none-eabi/13.3.1/thumb/v6-m/nofp\libg.a(libc_a-lock.o)
                0x20001950                __lock___malloc_recursive_mutex
 *fill*         0x20001951        0x3 
 .bss.__malloc_current_mallinfo
                0x20001954       0x28 C:/Users/User/.pico-sdk/toolchain/13_3_Rel1/bin/../lib/gcc/arm-none-eabi/13.3.1/thumb/v6-m/nofp\libg.a(libc_a-mallocr.o)
                0x20001954                __malloc_current_mallinfo
 .bss.__malloc_max_sbrked_mem
                0x2000197c        0x4 C:/Users/User/.pico-sdk/toolchain/13_3_Rel1/bin/../lib/gcc/arm-none-eabi/13.3.1/thumb/v6-m/nofp\libg.a(libc_a-mallocr.o)
                0x2000197c                __malloc_max_sbrked_mem
 .bss.__malloc_max_total_mem
                0x20001980        0x4 C:/Users/User/.pico-sdk/toolchain/13_3_Rel1/bin/../lib/gcc/arm-none-eabi/13.3.1/thumb/v6-m/nofp\libg.a(libc_a-mallocr.o)
                0x20001980                __malloc_max_total_mem
 .bss.__malloc_top_pad
                0x20001984        0x4 C:/Users/User/.pico-sdk/toolchain/13_3_Rel1/bin/../lib/gcc/arm-none-eabi/13.3.1/thumb/v6-m/nofp\libg.a(libc_a-mallocr.o)
                0x20001984                __malloc_top_pad
 .bss.__sf      0x20001988      0x138 C:/Users/User/.pico-sdk/toolchain/13_3_Rel1/bin/../lib/gcc/arm-none-eabi/13.3.1/thumb/v6-m/nofp\libg.a(libc_a-findfp.o)
                0x20001988                __sf
 .bss._app_driver
                0x20001ac0        0x4 CMakeFiles/DisplayC.dir/C_/Users/User/.pico-sdk/sdk/2.1.0/lib/tinyusb/src/device/usbd.c.obj
 .bss._cdcd_fifo_cfg
                0x20001ac4        0x1 CMakeFiles/DisplayC.dir/C_/Users/User/.pico-sdk/sdk/2.1.0/lib/tinyusb/src/class/cdc/cdc_device.c.obj
 *fill*         0x20001ac5        0x3 
 .bss._cdcd_itf
                0x20001ac8      0x2c8 CMakeFiles/DisplayC.dir/C_/Users/User/.pico-sdk/sdk/2.1.0/lib/tinyusb/src/class/cdc/cdc_device.c.obj
 .bss._ctrl_xfer
                0x20001d90       0x14 CMakeFiles/DisplayC.dir/C_/Users/User/.pico-sdk/sdk/2.1.0/lib/tinyusb/src/device/usbd_control.c.obj
 .bss._ubsd_mutexdef
                0x20001da4        0x8 CMakeFiles/DisplayC.dir/C_/Users/User/.pico-sdk/sdk/2.1.0/lib/tinyusb/src/device/usbd.c.obj
 .bss._usbd_ctrl_buf
                0x20001dac       0x40 CMakeFiles/DisplayC.dir/C_/Users/User/.pico-sdk/sdk/2.1.0/lib/tinyusb/src/device/usbd_control.c.obj
 .bss._usbd_dev
                0x20001dec       0x54 CMakeFiles/DisplayC.dir/C_/Users/User/.pico-sdk/sdk/2.1.0/lib/tinyusb/src/device/usbd.c.obj
 .bss._usbd_mutex
                0x20001e40        0x4 CMakeFiles/DisplayC.dir/C_/Users/User/.pico-sdk/sdk/2.1.0/lib/tinyusb/src/device/usbd.c.obj
 .bss._usbd_q   0x20001e44        0x4 CMakeFiles/DisplayC.dir/C_/Users/User/.pico-sdk/sdk/2.1.0/lib/tinyusb/src/device/usbd.c.obj
 .bss._usbd_qdef_buf
                0x20001e48       0xc0 CMakeFiles/DisplayC.dir/C_/Users/User/.pico-sdk/sdk/2.1.0/lib/tinyusb/src/device/usbd.c.obj
                0x20001e48                _usbd_qdef_buf
 .bss._vendord_itf
                0x20001f08      0x2cc CMakeFiles/DisplayC.dir/C_/Users/User/.pico-sdk/sdk/2.1.0/lib/tinyusb/src/class/vendor/vendor_device.c.obj
 .bss.boot2_copyout
                0x200021d4      0x100 CMakeFiles/DisplayC.dir/C_/Users/User/.pico-sdk/sdk/2.1.0/src/rp2_common/hardware_flash/flash.c.obj
 .bss.chars_available_callback
                0x200022d4        0x4 CMakeFiles/DisplayC.dir/C_/Users/User/.pico-sdk/sdk/2.1.0/src/rp2_common/pico_stdio_usb/stdio_usb.c.obj
 .bss.chars_available_param
                0x200022d8        0x4 CMakeFiles/DisplayC.dir/C_/Users/User/.pico-sdk/sdk/2.1.0/src/rp2_common/pico_stdio_usb/stdio_usb.c.obj
 .bss.claimed   0x200022dc        0x4 CMakeFiles/DisplayC.dir/C_/Users/User/.pico-sdk/sdk/2.1.0/src/rp2_common/hardware_sync/sync.c.obj
 .bss.claimed   0x200022e0        0x1 CMakeFiles/DisplayC.dir/C_/Users/User/.pico-sdk/sdk/2.1.0/src/rp2_common/hardware_timer/timer.c.obj
 *fill*         0x200022e1        0x3 
 .bss.configured_freq
                0x200022e4       0x28 CMakeFiles/DisplayC.dir/C_/Users/User/.pico-sdk/sdk/2.1.0/src/rp2_common/hardware_clocks/clocks.c.obj
 .bss.desc_str.0
                0x2000230c       0x28 CMakeFiles/DisplayC.dir/C_/Users/User/.pico-sdk/sdk/2.1.0/src/rp2_common/pico_stdio_usb/stdio_usb_descriptors.c.obj
 .bss.drivers   0x20002334        0x4 CMakeFiles/DisplayC.dir/C_/Users/User/.pico-sdk/sdk/2.1.0/src/rp2_common/pico_stdio/stdio.c.obj
 .bss.e15_last_sof
                0x20002338        0x4 CMakeFiles/DisplayC.dir/C_/Users/User/.pico-sdk/sdk/2.1.0/lib/tinyusb/src/portable/raspberrypi/rp2040/rp2040_usb.c.obj
                0x20002338                e15_last_sof
 .bss.errno     0x2000233c        0x4 C:/Users/User/.pico-sdk/toolchain/13_3_Rel1/bin/../lib/gcc/arm-none-eabi/13.3.1/thumb/v6-m/nofp\libg.a(libc_a-reent.o)
                0x2000233c                errno
 .bss.filter    0x20002340        0x4 CMakeFiles/DisplayC.dir/C_/Users/User/.pico-sdk/sdk/2.1.0/src/rp2_common/pico_stdio/stdio.c.obj
 .bss.heap_end.0
                0x20002344        0x4 CMakeFiles/DisplayC.dir/C_/Users/User/.pico-sdk/sdk/2.1.0/src/rp2_common/pico_clib_interface/newlib_interface.c.obj
 .bss.hw_endpoints
                0x20002348      0x400 CMakeFiles/DisplayC.dir/C_/Users/User/.pico-sdk/sdk/2.1.0/lib/tinyusb/src/portable/raspberrypi/rp2040/dcd_rp2040.c.obj
 .bss.lazy_vsnprintf
                0x20002748        0x4 CMakeFiles/DisplayC.dir/C_/Users/User/.pico-sdk/sdk/2.1.0/src/rp2_common/pico_printf/printf.c.obj
 .bss.load_value
                0x2000274c        0x4 CMakeFiles/DisplayC.dir/C_/Users/User/.pico-sdk/sdk/2.1.0/src/rp2_common/hardware_watchdog/watchdog.c.obj
 .bss.next_buffer_ptr
                0x20002750        0x4 CMakeFiles/DisplayC.dir/C_/Users/User/.pico-sdk/sdk/2.1.0/lib/tinyusb/src/portable/raspberrypi/rp2040/dcd_rp2040.c.obj